#
# There is insufficient memory for the Java Runtime Environment to continue.
# Native memory allocation (malloc) failed to allocate 822320 bytes. Error detail: Chunk::new
# Possible reasons:
#   The system is out of physical RAM or swap space
#   This process is running with CompressedOops enabled, and the Java Heap may be blocking the growth of the native heap
# Possible solutions:
#   Reduce memory load on the system
#   Increase physical memory or swap space
#   Check if swap backing store is full
#   Decrease Java heap size (-Xmx/-Xms)
#   Decrease number of Java threads
#   Decrease Java thread stack sizes (-Xss)
#   Set larger code cache with -XX:ReservedCodeCacheSize=
#   JVM is running with Zero Based Compressed Oops mode in which the Java heap is
#     placed in the first 32GB address space. The Java Heap base address is the
#     maximum limit for the native heap growth. Please use -XX:HeapBaseMinAddress
#     to set the Java Heap base and to place the Java Heap above 32GB virtual address.
# This output file may be truncated or incomplete.
#
#  Out of Memory Error (arena.cpp:186), pid=8424, tid=8168
#
# JRE version: OpenJDK Runtime Environment Temurin-25.0.3+9 (25.0.3+9) (build 25.0.3+9-LTS)
# Java VM: OpenJDK 64-Bit Server VM Temurin-25.0.3+9 (25.0.3+9-LTS, mixed mode, sharing, tiered, compressed oops, compressed class ptrs, g1 gc, windows-amd64)
# No core dump will be written. Minidumps are not enabled by default on client versions of Windows
#

---------------  S U M M A R Y ------------

Command Line: --add-opens=java.base/java.lang=ALL-UNNAMED --add-opens=java.base/java.lang.invoke=ALL-UNNAMED --add-opens=java.base/java.util=ALL-UNNAMED --add-opens=java.prefs/java.util.prefs=ALL-UNNAMED --add-exports=jdk.compiler/com.sun.tools.javac.api=ALL-UNNAMED --add-exports=jdk.compiler/com.sun.tools.javac.util=ALL-UNNAMED --add-opens=java.base/java.nio.charset=ALL-UNNAMED --add-opens=java.base/java.net=ALL-UNNAMED --add-opens=java.base/java.util.concurrent=ALL-UNNAMED --add-opens=java.base/java.util.concurrent.atomic=ALL-UNNAMED --add-opens=java.xml/javax.xml.namespace=ALL-UNNAMED --add-opens=java.base/java.time=ALL-UNNAMED --enable-native-access=ALL-UNNAMED -Xmx4096m -Dfile.encoding=UTF-8 -Duser.country=MX -Duser.language=es -Duser.variant -javaagent:C:\Users\Abraham Sistemas\.gradle\wrapper\dists\gradle-9.7.1-bin\1w1c7tv4s851m17nbqdsro2tv\gradle-9.7.1\lib\agents\gradle-instrumentation-agent-9.7.1.jar org.gradle.launcher.daemon.bootstrap.GradleDaemon 9.7.1

Host: Intel(R) Core(TM) i7-8550U CPU @ 1.80GHz, 8 cores, 7G,  Windows 11 , 64 bit Build 26100 (10.0.26100.9444)
Time: Thu Sep 24 09:19:30 2026 Hora estándar central (México) elapsed time: 90.467425 seconds (0d 0h 1m 30s)

---------------  T H R E A D  ---------------

Current thread (0x0000028723cd2150):  JavaThread "C2 CompilerThread0" daemon [_thread_in_native, id=8168, stack(0x000000a0cd600000,0x000000a0cd700000) (1024K)]


Current CompileTask:
C2:90468 19690       4       javax.management.ObjectName::construct (1135 bytes)

Stack: [0x000000a0cd600000,0x000000a0cd700000]
Native frames: (J=compiled Java code, j=interpreted, Vv=VM code, C=native code)
V  [jvm.dll+0x7aa709]  (no source info available)
V  [jvm.dll+0x7749ed]  (no source info available)
V  [jvm.dll+0x9f7433]  (no source info available)
V  [jvm.dll+0x9f9a21]  (no source info available)
V  [jvm.dll+0x9fa133]  (no source info available)
V  [jvm.dll+0x2fd266]  (no source info available)
V  [jvm.dll+0x1113c6]  (no source info available)
V  [jvm.dll+0x1116ee]  (no source info available)
V  [jvm.dll+0x454297]  (no source info available)
V  [jvm.dll+0x25429a]  (no source info available)
V  [jvm.dll+0x2c06bc]  (no source info available)
V  [jvm.dll+0x2bf80f]  (no source info available)
V  [jvm.dll+0x2374a0]  (no source info available)
V  [jvm.dll+0x2cf906]  (no source info available)
V  [jvm.dll+0x2cdb8a]  (no source info available)
V  [jvm.dll+0x49070e]  (no source info available)
V  [jvm.dll+0x99894d]  (no source info available)
V  [jvm.dll+0x7a8ce5]  (no source info available)
C  [ucrtbase.dll+0x2cd30]  (no source info available)
C  [KERNEL32.DLL+0x2cd87]  (no source info available)
C  [ntdll.dll+0xacaec]  (no source info available)

Lock stack of current Java thread (top to bottom):


---------------  P R O C E S S  ---------------

Threads class SMR info:
_java_thread_list=0x000002872f171c30, length=60, elements={
0x00000287025d76a0, 0x0000028723e37af0, 0x0000028723e386b0, 0x0000028723e3b640,
0x0000028723e3d360, 0x0000028723e3e1e0, 0x0000028723e3f540, 0x0000028723cd2150,
0x0000028723cd1130, 0x00000287242d1050, 0x0000028724337180, 0x000002872a44acf0,
0x000002872a79f320, 0x000002872a837320, 0x000002872a7b8050, 0x000002872a9133b0,
0x000002872aae2080, 0x000002872aae3020, 0x000002872aae37f0, 0x000002872aae7e40,
0x000002872aae95b0, 0x000002872bf07710, 0x000002872cee76d0, 0x000002872d0aacd0,
0x000002872e335880, 0x000002872e334110, 0x000002872e339700, 0x000002872cee3850,
0x000002872cee1140, 0x000002872cee1910, 0x000002872cee28b0, 0x000002872cee4fc0,
0x000002872cee6730, 0x000002872af2af50, 0x000002872af2f5a0, 0x000002872af2c6c0,
0x000002872cdd0500, 0x000002872cdcf560, 0x000002872cdcfd30, 0x000002872cdd3bb0,
0x000002872a913b80, 0x000002872a9152f0, 0x000002872bf086b0, 0x000002872bf05fa0,
0x000002872aae5f00, 0x000002872aae3fc0, 0x000002872aae8de0, 0x000002872ce3ffa0,
0x000002872ce3e830, 0x000002872ce3f7d0, 0x00000287342bb770, 0x00000287342bbf40,
0x00000287342b9060, 0x00000287342b9830, 0x00000287342ba000, 0x00000287342c1d00,
0x00000287342c24d0, 0x00000287342bf5f0, 0x00000287342c3c40, 0x00000287342c4410
}

Java Threads: ( => current thread )
  0x00000287025d76a0 JavaThread "main"                              [_thread_blocked, id=20536, stack(0x000000a0cc800000,0x000000a0cc900000) (1024K)]
  0x0000028723e37af0 JavaThread "Reference Handler"          daemon [_thread_blocked, id=11824, stack(0x000000a0cd000000,0x000000a0cd100000) (1024K)]
  0x0000028723e386b0 JavaThread "Finalizer"                  daemon [_thread_blocked, id=19640, stack(0x000000a0cd100000,0x000000a0cd200000) (1024K)]
  0x0000028723e3b640 JavaThread "Signal Dispatcher"          daemon [_thread_blocked, id=1136, stack(0x000000a0cd200000,0x000000a0cd300000) (1024K)]
  0x0000028723e3d360 JavaThread "Attach Listener"            daemon [_thread_blocked, id=3916, stack(0x000000a0cd300000,0x000000a0cd400000) (1024K)]
  0x0000028723e3e1e0 JavaThread "Service Thread"             daemon [_thread_blocked, id=14960, stack(0x000000a0cd400000,0x000000a0cd500000) (1024K)]
  0x0000028723e3f540 JavaThread "Monitor Deflation Thread"   daemon [_thread_blocked, id=20524, stack(0x000000a0cd500000,0x000000a0cd600000) (1024K)]
=>0x0000028723cd2150 JavaThread "C2 CompilerThread0"         daemon [_thread_in_native, id=8168, stack(0x000000a0cd600000,0x000000a0cd700000) (1024K)]
  0x0000028723cd1130 JavaThread "C1 CompilerThread0"         daemon [_thread_blocked, id=14388, stack(0x000000a0cd700000,0x000000a0cd800000) (1024K)]
  0x00000287242d1050 JavaThread "Common-Cleaner"             daemon [_thread_blocked, id=3084, stack(0x000000a0cd900000,0x000000a0cda00000) (1024K)]
  0x0000028724337180 JavaThread "Notification Thread"        daemon [_thread_blocked, id=9364, stack(0x000000a0cda00000,0x000000a0cdb00000) (1024K)]
  0x000002872a44acf0 JavaThread "Daemon health stats"               [_thread_blocked, id=13792, stack(0x000000a0cdd00000,0x000000a0cde00000) (1024K)]
  0x000002872a79f320 JavaThread "Incoming local TCP Connector on port 56285"        [_thread_in_native, id=19660, stack(0x000000a0cde00000,0x000000a0cdf00000) (1024K)]
  0x000002872a837320 JavaThread "Daemon periodic checks"            [_thread_blocked, id=16636, stack(0x000000a0ce300000,0x000000a0ce400000) (1024K)]
  0x000002872a7b8050 JavaThread "Daemon"                            [_thread_blocked, id=18408, stack(0x000000a0ce400000,0x000000a0ce500000) (1024K)]
  0x000002872a9133b0 JavaThread "Daemon worker"                     [_thread_blocked, id=7740, stack(0x000000a0ce700000,0x000000a0ce800000) (1024K)]
  0x000002872aae2080 JavaThread "Cache worker for journal cache (C:\Users\Abraham Sistemas\.gradle\caches\journal-1)"        [_thread_blocked, id=7892, stack(0x000000a0ceb00000,0x000000a0cec00000) (1024K)]
  0x000002872aae3020 JavaThread "File lock request listener"        [_thread_in_native, id=10172, stack(0x000000a0cec00000,0x000000a0ced00000) (1024K)]
  0x000002872aae37f0 JavaThread "Cache worker for file hash cache (C:\Users\Abraham Sistemas\.gradle\caches\9.7.1\fileHashes)"        [_thread_blocked, id=16788, stack(0x000000a0ced00000,0x000000a0cee00000) (1024K)]
  0x000002872aae7e40 JavaThread "File watcher server"        daemon [_thread_in_native, id=7352, stack(0x000000a0cf200000,0x000000a0cf300000) (1024K)]
  0x000002872aae95b0 JavaThread "File watcher consumer"      daemon [_thread_blocked, id=13960, stack(0x000000a0cf300000,0x000000a0cf400000) (1024K)]
  0x000002872bf07710 JavaThread "Cache worker for file content cache (C:\Users\Abraham Sistemas\.gradle\caches\9.7.1\fileContent)"        [_thread_blocked, id=14220, stack(0x000000a0cf400000,0x000000a0cf500000) (1024K)]
  0x000002872cee76d0 JavaThread "Memory manager"                    [_thread_blocked, id=17092, stack(0x000000a0cd800000,0x000000a0cd900000) (1024K)]
  0x000002872d0aacd0 JavaThread "VFS cleanup"                       [_thread_blocked, id=2612, stack(0x000000a0ce800000,0x000000a0ce900000) (1024K)]
  0x000002872e335880 JavaThread "Handler for socket connection from /127.0.0.1:56285 to /127.0.0.1:60770"        [_thread_in_native, id=20836, stack(0x000000a0cc500000,0x000000a0cc600000) (1024K)]
  0x000002872e334110 JavaThread "Cancel handler"                    [_thread_blocked, id=9816, stack(0x000000a0cc600000,0x000000a0cc700000) (1024K)]
  0x000002872e339700 JavaThread "Asynchronous log dispatcher for DefaultDaemonConnection: socket connection from /127.0.0.1:56285 to /127.0.0.1:60770"        [_thread_blocked, id=21136, stack(0x000000a0cc700000,0x000000a0cc800000) (1024K)]
  0x000002872cee3850 JavaThread "Stdin handler"                     [_thread_blocked, id=11820, stack(0x000000a0ce500000,0x000000a0ce600000) (1024K)]
  0x000002872cee1140 JavaThread "Daemon client event forwarder"        [_thread_blocked, id=17000, stack(0x000000a0ce600000,0x000000a0ce700000) (1024K)]
  0x000002872cee1910 JavaThread "Cache worker for file hash cache (C:\Users\Abraham Sistemas\Documents\GitHub\Intra_Hangten_VB.net\Equilibrio\.gradle\9.7.1\fileHashes)"        [_thread_blocked, id=8404, stack(0x000000a0ce900000,0x000000a0cea00000) (1024K)]
  0x000002872cee28b0 JavaThread "Cache worker for Build Output Cleanup Cache (C:\Users\Abraham Sistemas\Documents\GitHub\Intra_Hangten_VB.net\Equilibrio\.gradle\buildOutputCleanup)"        [_thread_blocked, id=572, stack(0x000000a0cea00000,0x000000a0ceb00000) (1024K)]
  0x000002872cee4fc0 JavaThread "Cache worker for checksums cache (C:\Users\Abraham Sistemas\Documents\GitHub\Intra_Hangten_VB.net\Equilibrio\.gradle\9.7.1\checksums)"        [_thread_blocked, id=17844, stack(0x000000a0cf000000,0x000000a0cf100000) (1024K)]
  0x000002872cee6730 JavaThread "Cache worker for cache directory md-supplier (C:\Users\Abraham Sistemas\.gradle\caches\9.7.1\md-supplier)"        [_thread_blocked, id=10416, stack(0x000000a0cf100000,0x000000a0cf200000) (1024K)]
  0x000002872af2af50 JavaThread "Cache worker for cache directory md-rule (C:\Users\Abraham Sistemas\.gradle\caches\9.7.1\md-rule)"        [_thread_blocked, id=7940, stack(0x000000a0cf500000,0x000000a0cf600000) (1024K)]
  0x000002872af2f5a0 JavaThread "Build operations"                  [_thread_blocked, id=19412, stack(0x000000a0cf600000,0x000000a0cf700000) (1024K)]
  0x000002872af2c6c0 JavaThread "Build operations Thread 2"         [_thread_blocked, id=12672, stack(0x000000a0cf700000,0x000000a0cf800000) (1024K)]
  0x000002872cdd0500 JavaThread "Build operations Thread 3"         [_thread_blocked, id=2432, stack(0x000000a0cf800000,0x000000a0cf900000) (1024K)]
  0x000002872cdcf560 JavaThread "Build operations Thread 4"         [_thread_blocked, id=20044, stack(0x000000a0cf900000,0x000000a0cfa00000) (1024K)]
  0x000002872cdcfd30 JavaThread "Build operations Thread 5"         [_thread_blocked, id=13596, stack(0x000000a0cfa00000,0x000000a0cfb00000) (1024K)]
  0x000002872cdd3bb0 JavaThread "Build operations Thread 6"         [_thread_blocked, id=10780, stack(0x000000a0cfb00000,0x000000a0cfc00000) (1024K)]
  0x000002872a913b80 JavaThread "Build operations Thread 7"         [_thread_blocked, id=2684, stack(0x000000a0cfc00000,0x000000a0cfd00000) (1024K)]
  0x000002872a9152f0 JavaThread "Build operations Thread 8"         [_thread_in_native, id=3108, stack(0x000000a0cfd00000,0x000000a0cfe00000) (1024K)]
  0x000002872bf086b0 JavaThread "build event listener"              [_thread_blocked, id=16980, stack(0x000000a0cfe00000,0x000000a0cff00000) (1024K)]
  0x000002872bf05fa0 JavaThread "build event listener"              [_thread_blocked, id=19528, stack(0x000000a0cff00000,0x000000a0d0000000) (1024K)]
  0x000002872aae5f00 JavaThread "included builds"                   [_thread_blocked, id=5780, stack(0x000000a0d0000000,0x000000a0d0100000) (1024K)]
  0x000002872aae3fc0 JavaThread "Execution worker"                  [_thread_blocked, id=17396, stack(0x000000a0d0100000,0x000000a0d0200000) (1024K)]
  0x000002872aae8de0 JavaThread "Execution worker Thread 2"         [_thread_blocked, id=11336, stack(0x000000a0d0200000,0x000000a0d0300000) (1024K)]
  0x000002872ce3ffa0 JavaThread "Execution worker Thread 3"         [_thread_blocked, id=11460, stack(0x000000a0d0300000,0x000000a0d0400000) (1024K)]
  0x000002872ce3e830 JavaThread "Execution worker Thread 4"         [_thread_blocked, id=17160, stack(0x000000a0d0400000,0x000000a0d0500000) (1024K)]
  0x000002872ce3f7d0 JavaThread "Execution worker Thread 5"         [_thread_blocked, id=17264, stack(0x000000a0d0500000,0x000000a0d0600000) (1024K)]
  0x00000287342bb770 JavaThread "Execution worker Thread 6"         [_thread_blocked, id=13308, stack(0x000000a0d0600000,0x000000a0d0700000) (1024K)]
  0x00000287342bbf40 JavaThread "Execution worker Thread 7"         [_thread_blocked, id=14876, stack(0x000000a0d0700000,0x000000a0d0800000) (1024K)]
  0x00000287342b9060 JavaThread "Cache worker for execution history cache (C:\Users\Abraham Sistemas\Documents\GitHub\Intra_Hangten_VB.net\Equilibrio\.gradle\9.7.1\executionHistory)"        [_thread_blocked, id=19688, stack(0x000000a0d0800000,0x000000a0d0900000) (1024K)]
  0x00000287342b9830 JavaThread "Unconstrained build operations"        [_thread_blocked, id=20552, stack(0x000000a0d0900000,0x000000a0d0a00000) (1024K)]
  0x00000287342ba000 JavaThread "Unconstrained build operations Thread 2"        [_thread_blocked, id=3420, stack(0x000000a0d0a00000,0x000000a0d0b00000) (1024K)]
  0x00000287342c1d00 JavaThread "Unconstrained build operations Thread 3"        [_thread_blocked, id=8156, stack(0x000000a0d0f00000,0x000000a0d1000000) (1024K)]
  0x00000287342c24d0 JavaThread "Unconstrained build operations Thread 4"        [_thread_blocked, id=20996, stack(0x000000a0d1000000,0x000000a0d1100000) (1024K)]
  0x00000287342bf5f0 JavaThread "Unconstrained build operations Thread 5"        [_thread_blocked, id=21036, stack(0x000000a0d1100000,0x000000a0d1200000) (1024K)]
  0x00000287342c3c40 JavaThread "Unconstrained build operations Thread 6"        [_thread_blocked, id=12276, stack(0x000000a0d1200000,0x000000a0d1300000) (1024K)]
  0x00000287342c4410 JavaThread "Unconstrained build operations Thread 7"        [_thread_blocked, id=19104, stack(0x000000a0d1300000,0x000000a0d1400000) (1024K)]
Total: 60

Other Threads:
  0x0000028723e20950 VMThread "VM Thread"                           [id=19696, stack(0x000000a0ccf00000,0x000000a0cd000000) (1024K)]
  0x0000028723e11a40 WatcherThread "VM Periodic Task Thread"        [id=18144, stack(0x000000a0cce00000,0x000000a0ccf00000) (1024K)]
  0x0000028702646d30 WorkerThread "GC Thread#0"                     [id=14316, stack(0x000000a0cc900000,0x000000a0cca00000) (1024K)]
  0x0000028729638480 WorkerThread "GC Thread#1"                     [id=16952, stack(0x000000a0cdb00000,0x000000a0cdc00000) (1024K)]
  0x00000287296388b0 WorkerThread "GC Thread#2"                     [id=5128, stack(0x000000a0cdc00000,0x000000a0cdd00000) (1024K)]
  0x000002872a908860 WorkerThread "GC Thread#3"                     [id=20904, stack(0x000000a0cdf00000,0x000000a0ce000000) (1024K)]
  0x000002872a908ce0 WorkerThread "GC Thread#4"                     [id=20812, stack(0x000000a0ce000000,0x000000a0ce100000) (1024K)]
  0x000002872a909580 WorkerThread "GC Thread#5"                     [id=4148, stack(0x000000a0ce100000,0x000000a0ce200000) (1024K)]
  0x000002872a90a6c0 WorkerThread "GC Thread#6"                     [id=8772, stack(0x000000a0ce200000,0x000000a0ce300000) (1024K)]
  0x000002872a90c0a0 WorkerThread "GC Thread#7"                     [id=12692, stack(0x000000a0cee00000,0x000000a0cef00000) (1024K)]
  0x0000028702661560 ConcurrentGCThread "G1 Main Marker"            [id=13412, stack(0x000000a0cca00000,0x000000a0ccb00000) (1024K)]
  0x0000028702662100 WorkerThread "G1 Conc#0"                       [id=17540, stack(0x000000a0ccb00000,0x000000a0ccc00000) (1024K)]
  0x000002872a909e20 WorkerThread "G1 Conc#1"                       [id=19196, stack(0x000000a0cef00000,0x000000a0cf000000) (1024K)]
  0x0000028723cb59a0 ConcurrentGCThread "G1 Refine#0"               [id=13316, stack(0x000000a0ccc00000,0x000000a0ccd00000) (1024K)]
  0x000002870268eab0 ConcurrentGCThread "G1 Service"                [id=7020, stack(0x000000a0ccd00000,0x000000a0cce00000) (1024K)]
Total: 15

Threads with active compile tasks:
C2 CompilerThread0  90720 19690       4       javax.management.ObjectName::construct (1135 bytes)
Total: 1

VM state: not at safepoint (normal execution)

VM Mutex/Monitor currently owned by a thread: None

Heap address: 0x0000000700000000, size: 4096 MB, Compressed Oops mode: Zero based, Oop shift amount: 3

CDS archive(s) mapped at: [0x0000000090000000-0x0000000090dd0000-0x0000000090dd0000), size 14483456, SharedBaseAddress: 0x0000000090000000, ArchiveRelocationMode: 1.
Compressed class space mapped at: 0x0000000091000000-0x00000000d1000000, reserved size: 1073741824
UseCompressedClassPointers 1, UseCompactObjectHeaders 0
Narrow klass pointer bits 32, Max shift 3
Narrow klass base: 0x0000000090000000, Narrow klass shift: 0
Encoding Range: [0x0000000090000000 - 0x0000000190000000), (4294967296 bytes)
Klass Range:    [0x0000000090010000 - 0x00000000d1000000), (1090453504 bytes)
Klass ID Range:  [65536 - 1090519033) (1090453497)
Protection zone: [0x0000000090000000 - 0x0000000090010000), (65536 bytes)

GC Precious Log:
 CardTable entry size: 512
 Card Set container configuration: InlinePtr #cards 4 size 8 Array Of Cards #cards 16 size 48 Howl #buckets 8 coarsen threshold 3686 Howl Bitmap #cards 512 size 80 coarsen threshold 460 Card regions per heap region 1 cards per card region 4096
 CPUs: 8 total, 8 available
 Memory: 8089M
 Large Page Support: Disabled
 NUMA Support: Disabled
 Compressed Oops: Enabled (Zero based)
 Heap Region Size: 2M
 Heap Min Capacity: 8M
 Heap Initial Capacity: 128M
 Heap Max Capacity: 4G
 Pre-touch: Disabled
 Parallel Workers: 8
 Concurrent Workers: 2
 Concurrent Refinement Workers: 8
 Periodic GC: Disabled

Heap:
 garbage-first heap   total reserved 4194304K, committed 399360K, used 175957K [0x0000000700000000, 0x0000000800000000)
  region size 2048K, 7 young (14336K), 6 survivors (12288K)

Heap Regions: E=young(eden), S=young(survivor), O=old, HS=humongous(starts), HC=humongous(continues), CS=collection set, F=free, TAMS=top-at-mark-start, PB=parsable bottom
|   0|0x0000000700000000, 0x0000000700200000, 0x0000000700200000|100%|HS|  |TAMS 0x0000000700000000| PB 0x0000000700000000| Complete |  0
|   1|0x0000000700200000, 0x0000000700400000, 0x0000000700400000|100%|HC|  |TAMS 0x0000000700200000| PB 0x0000000700200000| Complete |  0
|   2|0x0000000700400000, 0x0000000700600000, 0x0000000700600000|100%| O|  |TAMS 0x0000000700400000| PB 0x0000000700400000| Untracked |  0
|   3|0x0000000700600000, 0x0000000700800000, 0x0000000700800000|100%| O|  |TAMS 0x0000000700600000| PB 0x0000000700600000| Untracked |  0
|   4|0x0000000700800000, 0x0000000700a00000, 0x0000000700a00000|100%| O|  |TAMS 0x0000000700800000| PB 0x0000000700800000| Untracked |  0
|   5|0x0000000700a00000, 0x0000000700c00000, 0x0000000700c00000|100%| O|  |TAMS 0x0000000700a00000| PB 0x0000000700a00000| Untracked |  0
|   6|0x0000000700c00000, 0x0000000700e00000, 0x0000000700e00000|100%| O|  |TAMS 0x0000000700c00000| PB 0x0000000700c00000| Untracked |  0
|   7|0x0000000700e00000, 0x0000000701000000, 0x0000000701000000|100%| O|  |TAMS 0x0000000700e00000| PB 0x0000000700e00000| Untracked |  0
|   8|0x0000000701000000, 0x0000000701200000, 0x0000000701200000|100%| O|  |TAMS 0x0000000701000000| PB 0x0000000701000000| Untracked |  0
|   9|0x0000000701200000, 0x0000000701400000, 0x0000000701400000|100%| O|  |TAMS 0x0000000701200000| PB 0x0000000701200000| Untracked |  0
|  10|0x0000000701400000, 0x0000000701600000, 0x0000000701600000|100%| O|  |TAMS 0x0000000701400000| PB 0x0000000701400000| Untracked |  0
|  11|0x0000000701600000, 0x0000000701800000, 0x0000000701800000|100%| O|  |TAMS 0x0000000701600000| PB 0x0000000701600000| Untracked |  0
|  12|0x0000000701800000, 0x0000000701a00000, 0x0000000701a00000|100%| O|  |TAMS 0x0000000701800000| PB 0x0000000701800000| Untracked |  0
|  13|0x0000000701a00000, 0x0000000701c00000, 0x0000000701c00000|100%| O|  |TAMS 0x0000000701a00000| PB 0x0000000701a00000| Untracked |  0
|  14|0x0000000701c00000, 0x0000000701e00000, 0x0000000701e00000|100%| O|  |TAMS 0x0000000701c00000| PB 0x0000000701c00000| Untracked |  0
|  15|0x0000000701e00000, 0x0000000702000000, 0x0000000702000000|100%| O|  |TAMS 0x0000000701e00000| PB 0x0000000701e00000| Untracked |  0
|  16|0x0000000702000000, 0x0000000702200000, 0x0000000702200000|100%| O|  |TAMS 0x0000000702000000| PB 0x0000000702000000| Untracked |  0
|  17|0x0000000702200000, 0x0000000702400000, 0x0000000702400000|100%| O|  |TAMS 0x0000000702200000| PB 0x0000000702200000| Untracked |  0
|  18|0x0000000702400000, 0x0000000702600000, 0x0000000702600000|100%| O|  |TAMS 0x0000000702400000| PB 0x0000000702400000| Untracked |  0
|  19|0x0000000702600000, 0x0000000702800000, 0x0000000702800000|100%|HS|  |TAMS 0x0000000702600000| PB 0x0000000702600000| Complete |  0
|  20|0x0000000702800000, 0x0000000702a00000, 0x0000000702a00000|100%|HS|  |TAMS 0x0000000702800000| PB 0x0000000702800000| Complete |  0
|  21|0x0000000702a00000, 0x0000000702c00000, 0x0000000702c00000|100%| O|Cm|TAMS 0x0000000702a00000| PB 0x0000000702a00000| Complete |  0
|  22|0x0000000702c00000, 0x0000000702e00000, 0x0000000702e00000|100%| O|  |TAMS 0x0000000702c00000| PB 0x0000000702c00000| Untracked |  0
|  23|0x0000000702e00000, 0x0000000703000000, 0x0000000703000000|100%| O|  |TAMS 0x0000000702e00000| PB 0x0000000702e00000| Untracked |  0
|  24|0x0000000703000000, 0x0000000703200000, 0x0000000703200000|100%| O|  |TAMS 0x0000000703000000| PB 0x0000000703000000| Untracked |  0
|  25|0x0000000703200000, 0x0000000703400000, 0x0000000703400000|100%| O|  |TAMS 0x0000000703200000| PB 0x0000000703200000| Untracked |  0
|  26|0x0000000703400000, 0x0000000703600000, 0x0000000703600000|100%| O|  |TAMS 0x0000000703400000| PB 0x0000000703400000| Untracked |  0
|  27|0x0000000703600000, 0x0000000703800000, 0x0000000703800000|100%| O|  |TAMS 0x0000000703600000| PB 0x0000000703600000| Untracked |  0
|  28|0x0000000703800000, 0x0000000703a00000, 0x0000000703a00000|100%| O|  |TAMS 0x0000000703800000| PB 0x0000000703800000| Untracked |  0
|  29|0x0000000703a00000, 0x0000000703c00000, 0x0000000703c00000|100%| O|  |TAMS 0x0000000703a00000| PB 0x0000000703a00000| Untracked |  0
|  30|0x0000000703c00000, 0x0000000703e00000, 0x0000000703e00000|100%| O|  |TAMS 0x0000000703c00000| PB 0x0000000703c00000| Untracked |  0
|  31|0x0000000703e00000, 0x0000000704000000, 0x0000000704000000|100%| O|  |TAMS 0x0000000703e00000| PB 0x0000000703e00000| Untracked |  0
|  32|0x0000000704000000, 0x0000000704000000, 0x0000000704200000|  0%| F|  |TAMS 0x0000000704000000| PB 0x0000000704000000| Untracked |  0
|  33|0x0000000704200000, 0x0000000704400000, 0x0000000704400000|100%| O|  |TAMS 0x0000000704200000| PB 0x0000000704200000| Untracked |  0
|  34|0x0000000704400000, 0x0000000704600000, 0x0000000704600000|100%| O|  |TAMS 0x0000000704400000| PB 0x0000000704400000| Untracked |  0
|  35|0x0000000704600000, 0x0000000704800000, 0x0000000704800000|100%| O|  |TAMS 0x0000000704600000| PB 0x0000000704600000| Untracked |  0
|  36|0x0000000704800000, 0x0000000704a00000, 0x0000000704a00000|100%| O|  |TAMS 0x0000000704800000| PB 0x0000000704800000| Untracked |  0
|  37|0x0000000704a00000, 0x0000000704c00000, 0x0000000704c00000|100%| O|  |TAMS 0x0000000704a00000| PB 0x0000000704a00000| Untracked |  0
|  38|0x0000000704c00000, 0x0000000704e00000, 0x0000000704e00000|100%| O|  |TAMS 0x0000000704c00000| PB 0x0000000704c00000| Untracked |  0
|  39|0x0000000704e00000, 0x0000000705000000, 0x0000000705000000|100%| O|Cm|TAMS 0x0000000704e00000| PB 0x0000000704e00000| Complete |  0
|  40|0x0000000705000000, 0x0000000705200000, 0x0000000705200000|100%| O|Cm|TAMS 0x0000000705000000| PB 0x0000000705000000| Complete |  0
|  41|0x0000000705200000, 0x0000000705400000, 0x0000000705400000|100%| O|  |TAMS 0x0000000705200000| PB 0x0000000705200000| Untracked |  0
|  42|0x0000000705400000, 0x0000000705400000, 0x0000000705600000|  0%| F|  |TAMS 0x0000000705400000| PB 0x0000000705400000| Untracked |  0
|  43|0x0000000705600000, 0x0000000705600000, 0x0000000705800000|  0%| F|  |TAMS 0x0000000705600000| PB 0x0000000705600000| Untracked |  0
|  44|0x0000000705800000, 0x0000000705800000, 0x0000000705a00000|  0%| F|  |TAMS 0x0000000705800000| PB 0x0000000705800000| Untracked |  0
|  45|0x0000000705a00000, 0x0000000705c00000, 0x0000000705c00000|100%| O|Cm|TAMS 0x0000000705a00000| PB 0x0000000705a00000| Complete |  0
|  46|0x0000000705c00000, 0x0000000705c00000, 0x0000000705e00000|  0%| F|  |TAMS 0x0000000705c00000| PB 0x0000000705c00000| Untracked |  0
|  47|0x0000000705e00000, 0x0000000705e00000, 0x0000000706000000|  0%| F|  |TAMS 0x0000000705e00000| PB 0x0000000705e00000| Untracked |  0
|  48|0x0000000706000000, 0x0000000706000000, 0x0000000706200000|  0%| F|  |TAMS 0x0000000706000000| PB 0x0000000706000000| Untracked |  0
|  49|0x0000000706200000, 0x0000000706200000, 0x0000000706400000|  0%| F|  |TAMS 0x0000000706200000| PB 0x0000000706200000| Untracked |  0
|  50|0x0000000706400000, 0x0000000706400000, 0x0000000706600000|  0%| F|  |TAMS 0x0000000706400000| PB 0x0000000706400000| Untracked |  0
|  51|0x0000000706600000, 0x0000000706600000, 0x0000000706800000|  0%| F|  |TAMS 0x0000000706600000| PB 0x0000000706600000| Untracked |  0
|  52|0x0000000706800000, 0x0000000706a00000, 0x0000000706a00000|100%| O|Cm|TAMS 0x0000000706800000| PB 0x0000000706800000| Complete |  0
|  53|0x0000000706a00000, 0x0000000706c00000, 0x0000000706c00000|100%| O|Cm|TAMS 0x0000000706a00000| PB 0x0000000706a00000| Complete |  0
|  54|0x0000000706c00000, 0x0000000706e00000, 0x0000000706e00000|100%| O|  |TAMS 0x0000000706c00000| PB 0x0000000706c00000| Untracked |  0
|  55|0x0000000706e00000, 0x0000000707000000, 0x0000000707000000|100%| O|Cm|TAMS 0x0000000706e00000| PB 0x0000000706e00000| Complete |  0
|  56|0x0000000707000000, 0x0000000707000000, 0x0000000707200000|  0%| F|  |TAMS 0x0000000707000000| PB 0x0000000707000000| Untracked |  0
|  57|0x0000000707200000, 0x0000000707200000, 0x0000000707400000|  0%| F|  |TAMS 0x0000000707200000| PB 0x0000000707200000| Untracked |  0
|  58|0x0000000707400000, 0x0000000707400000, 0x0000000707600000|  0%| F|  |TAMS 0x0000000707400000| PB 0x0000000707400000| Untracked |  0
|  59|0x0000000707600000, 0x0000000707600000, 0x0000000707800000|  0%| F|  |TAMS 0x0000000707600000| PB 0x0000000707600000| Untracked |  0
|  60|0x0000000707800000, 0x0000000707a00000, 0x0000000707a00000|100%| O|Cm|TAMS 0x0000000707800000| PB 0x0000000707800000| Complete |  0
|  61|0x0000000707a00000, 0x0000000707c00000, 0x0000000707c00000|100%| O|  |TAMS 0x0000000707a00000| PB 0x0000000707a00000| Untracked |  0
|  62|0x0000000707c00000, 0x0000000707e00000, 0x0000000707e00000|100%| O|Cm|TAMS 0x0000000707c00000| PB 0x0000000707c00000| Complete |  0
|  63|0x0000000707e00000, 0x0000000707e00000, 0x0000000708000000|  0%| F|  |TAMS 0x0000000707e00000| PB 0x0000000707e00000| Untracked |  0
|  64|0x0000000708000000, 0x0000000708200000, 0x0000000708200000|100%| O|  |TAMS 0x0000000708000000| PB 0x0000000708000000| Untracked |  0
|  65|0x0000000708200000, 0x0000000708400000, 0x0000000708400000|100%| O|  |TAMS 0x0000000708200000| PB 0x0000000708200000| Untracked |  0
|  66|0x0000000708400000, 0x0000000708600000, 0x0000000708600000|100%| O|  |TAMS 0x0000000708400000| PB 0x0000000708400000| Untracked |  0
|  67|0x0000000708600000, 0x0000000708800000, 0x0000000708800000|100%| O|  |TAMS 0x0000000708600000| PB 0x0000000708600000| Untracked |  0
|  68|0x0000000708800000, 0x0000000708800000, 0x0000000708a00000|  0%| F|  |TAMS 0x0000000708800000| PB 0x0000000708800000| Untracked |  0
|  69|0x0000000708a00000, 0x0000000708a00000, 0x0000000708c00000|  0%| F|  |TAMS 0x0000000708a00000| PB 0x0000000708a00000| Untracked |  0
|  70|0x0000000708c00000, 0x0000000708c00000, 0x0000000708e00000|  0%| F|  |TAMS 0x0000000708c00000| PB 0x0000000708c00000| Untracked |  0
|  71|0x0000000708e00000, 0x0000000709000000, 0x0000000709000000|100%| O|Cm|TAMS 0x0000000708e00000| PB 0x0000000708e00000| Complete |  0
|  72|0x0000000709000000, 0x0000000709200000, 0x0000000709200000|100%| O|  |TAMS 0x0000000709000000| PB 0x0000000709000000| Untracked |  0
|  73|0x0000000709200000, 0x0000000709400000, 0x0000000709400000|100%| O|  |TAMS 0x0000000709200000| PB 0x0000000709200000| Untracked |  0
|  74|0x0000000709400000, 0x0000000709600000, 0x0000000709600000|100%| O|Cm|TAMS 0x0000000709400000| PB 0x0000000709400000| Complete |  0
|  75|0x0000000709600000, 0x0000000709800000, 0x0000000709800000|100%| O|  |TAMS 0x0000000709600000| PB 0x0000000709600000| Untracked |  0
|  76|0x0000000709800000, 0x0000000709a00000, 0x0000000709a00000|100%| O|  |TAMS 0x0000000709800000| PB 0x0000000709800000| Untracked |  0
|  77|0x0000000709a00000, 0x0000000709c00000, 0x0000000709c00000|100%| O|  |TAMS 0x0000000709a00000| PB 0x0000000709a00000| Untracked |  0
|  78|0x0000000709c00000, 0x0000000709e00000, 0x0000000709e00000|100%| O|  |TAMS 0x0000000709c00000| PB 0x0000000709c00000| Untracked |  0
|  79|0x0000000709e00000, 0x000000070a000000, 0x000000070a000000|100%| O|  |TAMS 0x0000000709e00000| PB 0x0000000709e00000| Untracked |  0
|  80|0x000000070a000000, 0x000000070a200000, 0x000000070a200000|100%| O|Cm|TAMS 0x000000070a000000| PB 0x000000070a000000| Complete |  0
|  81|0x000000070a200000, 0x000000070a200000, 0x000000070a400000|  0%| F|  |TAMS 0x000000070a200000| PB 0x000000070a200000| Untracked |  0
|  82|0x000000070a400000, 0x000000070a600000, 0x000000070a600000|100%| O|  |TAMS 0x000000070a400000| PB 0x000000070a400000| Untracked |  0
|  83|0x000000070a600000, 0x000000070a800000, 0x000000070a800000|100%| O|  |TAMS 0x000000070a600000| PB 0x000000070a600000| Untracked |  0
|  84|0x000000070a800000, 0x000000070aa00000, 0x000000070aa00000|100%| O|  |TAMS 0x000000070a800000| PB 0x000000070a800000| Untracked |  0
|  85|0x000000070aa00000, 0x000000070ac00000, 0x000000070ac00000|100%| O|  |TAMS 0x000000070aa00000| PB 0x000000070aa00000| Untracked |  0
|  86|0x000000070ac00000, 0x000000070ae00000, 0x000000070ae00000|100%| O|  |TAMS 0x000000070ac00000| PB 0x000000070ac00000| Untracked |  0
|  87|0x000000070ae00000, 0x000000070b000000, 0x000000070b000000|100%| O|  |TAMS 0x000000070ae00000| PB 0x000000070ae00000| Untracked |  0
|  88|0x000000070b000000, 0x000000070b200000, 0x000000070b200000|100%| O|  |TAMS 0x000000070b000000| PB 0x000000070b000000| Untracked |  0
|  89|0x000000070b200000, 0x000000070b400000, 0x000000070b400000|100%| O|  |TAMS 0x000000070b200000| PB 0x000000070b200000| Untracked |  0
|  90|0x000000070b400000, 0x000000070b600000, 0x000000070b600000|100%| O|  |TAMS 0x000000070b400000| PB 0x000000070b400000| Untracked |  0
|  91|0x000000070b600000, 0x000000070b800000, 0x000000070b800000|100%| O|  |TAMS 0x000000070b600000| PB 0x000000070b600000| Untracked |  0
|  92|0x000000070b800000, 0x000000070ba00000, 0x000000070ba00000|100%| O|  |TAMS 0x000000070b800000| PB 0x000000070b800000| Untracked |  0
|  93|0x000000070ba00000, 0x000000070bc00000, 0x000000070bc00000|100%| O|  |TAMS 0x000000070ba00000| PB 0x000000070ba00000| Untracked |  0
|  94|0x000000070bc00000, 0x000000070be00000, 0x000000070be00000|100%| O|  |TAMS 0x000000070bc00000| PB 0x000000070bc00000| Untracked |  0
|  95|0x000000070be00000, 0x000000070bf98620, 0x000000070c000000| 79%| O|  |TAMS 0x000000070be00000| PB 0x000000070be00000| Untracked |  0
|  96|0x000000070c000000, 0x000000070c000000, 0x000000070c200000|  0%| F|  |TAMS 0x000000070c000000| PB 0x000000070c000000| Untracked |  0
|  97|0x000000070c200000, 0x000000070c200000, 0x000000070c400000|  0%| F|  |TAMS 0x000000070c200000| PB 0x000000070c200000| Untracked |  0
|  98|0x000000070c400000, 0x000000070c400000, 0x000000070c600000|  0%| F|  |TAMS 0x000000070c400000| PB 0x000000070c400000| Untracked |  0
|  99|0x000000070c600000, 0x000000070c600000, 0x000000070c800000|  0%| F|  |TAMS 0x000000070c600000| PB 0x000000070c600000| Untracked |  0
| 100|0x000000070c800000, 0x000000070c800000, 0x000000070ca00000|  0%| F|  |TAMS 0x000000070c800000| PB 0x000000070c800000| Untracked |  0
| 101|0x000000070ca00000, 0x000000070ca00000, 0x000000070cc00000|  0%| F|  |TAMS 0x000000070ca00000| PB 0x000000070ca00000| Untracked |  0
| 102|0x000000070cc00000, 0x000000070cc00000, 0x000000070ce00000|  0%| F|  |TAMS 0x000000070cc00000| PB 0x000000070cc00000| Untracked |  0
| 103|0x000000070ce00000, 0x000000070ce00000, 0x000000070d000000|  0%| F|  |TAMS 0x000000070ce00000| PB 0x000000070ce00000| Untracked |  0
| 104|0x000000070d000000, 0x000000070d000000, 0x000000070d200000|  0%| F|  |TAMS 0x000000070d000000| PB 0x000000070d000000| Untracked |  0
| 105|0x000000070d200000, 0x000000070d200000, 0x000000070d400000|  0%| F|  |TAMS 0x000000070d200000| PB 0x000000070d200000| Untracked |  0
| 106|0x000000070d400000, 0x000000070d400000, 0x000000070d600000|  0%| F|  |TAMS 0x000000070d400000| PB 0x000000070d400000| Untracked |  0
| 107|0x000000070d600000, 0x000000070d600000, 0x000000070d800000|  0%| F|  |TAMS 0x000000070d600000| PB 0x000000070d600000| Untracked |  0
| 108|0x000000070d800000, 0x000000070d800000, 0x000000070da00000|  0%| F|  |TAMS 0x000000070d800000| PB 0x000000070d800000| Untracked |  0
| 109|0x000000070da00000, 0x000000070da00000, 0x000000070dc00000|  0%| F|  |TAMS 0x000000070da00000| PB 0x000000070da00000| Untracked |  0
| 110|0x000000070dc00000, 0x000000070dc3cf10, 0x000000070de00000| 11%| S|CS|TAMS 0x000000070dc00000| PB 0x000000070dc00000| Complete |  0
| 111|0x000000070de00000, 0x000000070e000000, 0x000000070e000000|100%| S|CS|TAMS 0x000000070de00000| PB 0x000000070de00000| Complete |  0
| 112|0x000000070e000000, 0x000000070e200000, 0x000000070e200000|100%| S|CS|TAMS 0x000000070e000000| PB 0x000000070e000000| Complete |  0
| 113|0x000000070e200000, 0x000000070e400000, 0x000000070e400000|100%| S|CS|TAMS 0x000000070e200000| PB 0x000000070e200000| Complete |  0
| 114|0x000000070e400000, 0x000000070e600000, 0x000000070e600000|100%| S|CS|TAMS 0x000000070e400000| PB 0x000000070e400000| Complete |  0
| 115|0x000000070e600000, 0x000000070e800000, 0x000000070e800000|100%| S|CS|TAMS 0x000000070e600000| PB 0x000000070e600000| Complete |  0
| 116|0x000000070e800000, 0x000000070e800000, 0x000000070ea00000|  0%| F|  |TAMS 0x000000070e800000| PB 0x000000070e800000| Untracked |  0
| 117|0x000000070ea00000, 0x000000070ea00000, 0x000000070ec00000|  0%| F|  |TAMS 0x000000070ea00000| PB 0x000000070ea00000| Untracked |  0
| 118|0x000000070ec00000, 0x000000070ec00000, 0x000000070ee00000|  0%| F|  |TAMS 0x000000070ec00000| PB 0x000000070ec00000| Untracked |  0
| 119|0x000000070ee00000, 0x000000070ee00000, 0x000000070f000000|  0%| F|  |TAMS 0x000000070ee00000| PB 0x000000070ee00000| Untracked |  0
| 120|0x000000070f000000, 0x000000070f000000, 0x000000070f200000|  0%| F|  |TAMS 0x000000070f000000| PB 0x000000070f000000| Untracked |  0
| 121|0x000000070f200000, 0x000000070f200000, 0x000000070f400000|  0%| F|  |TAMS 0x000000070f200000| PB 0x000000070f200000| Untracked |  0
| 122|0x000000070f400000, 0x000000070f400000, 0x000000070f600000|  0%| F|  |TAMS 0x000000070f400000| PB 0x000000070f400000| Untracked |  0
| 123|0x000000070f600000, 0x000000070f600000, 0x000000070f800000|  0%| F|  |TAMS 0x000000070f600000| PB 0x000000070f600000| Untracked |  0
| 124|0x000000070f800000, 0x000000070f800000, 0x000000070fa00000|  0%| F|  |TAMS 0x000000070f800000| PB 0x000000070f800000| Untracked |  0
| 125|0x000000070fa00000, 0x000000070fa00000, 0x000000070fc00000|  0%| F|  |TAMS 0x000000070fa00000| PB 0x000000070fa00000| Untracked |  0
| 126|0x000000070fc00000, 0x000000070fc00000, 0x000000070fe00000|  0%| F|  |TAMS 0x000000070fc00000| PB 0x000000070fc00000| Untracked |  0
| 127|0x000000070fe00000, 0x000000070fe00000, 0x0000000710000000|  0%| F|  |TAMS 0x000000070fe00000| PB 0x000000070fe00000| Untracked |  0
| 128|0x0000000710000000, 0x0000000710000000, 0x0000000710200000|  0%| F|  |TAMS 0x0000000710000000| PB 0x0000000710000000| Untracked |  0
| 129|0x0000000710200000, 0x0000000710200000, 0x0000000710400000|  0%| F|  |TAMS 0x0000000710200000| PB 0x0000000710200000| Untracked |  0
| 130|0x0000000710400000, 0x0000000710400000, 0x0000000710600000|  0%| F|  |TAMS 0x0000000710400000| PB 0x0000000710400000| Untracked |  0
| 131|0x0000000710600000, 0x0000000710600000, 0x0000000710800000|  0%| F|  |TAMS 0x0000000710600000| PB 0x0000000710600000| Untracked |  0
| 132|0x0000000710800000, 0x0000000710800000, 0x0000000710a00000|  0%| F|  |TAMS 0x0000000710800000| PB 0x0000000710800000| Untracked |  0
| 133|0x0000000710a00000, 0x0000000710a00000, 0x0000000710c00000|  0%| F|  |TAMS 0x0000000710a00000| PB 0x0000000710a00000| Untracked |  0
| 134|0x0000000710c00000, 0x0000000710c00000, 0x0000000710e00000|  0%| F|  |TAMS 0x0000000710c00000| PB 0x0000000710c00000| Untracked |  0
| 135|0x0000000710e00000, 0x0000000710e00000, 0x0000000711000000|  0%| F|  |TAMS 0x0000000710e00000| PB 0x0000000710e00000| Untracked |  0
| 136|0x0000000711000000, 0x0000000711000000, 0x0000000711200000|  0%| F|  |TAMS 0x0000000711000000| PB 0x0000000711000000| Untracked |  0
| 137|0x0000000711200000, 0x0000000711200000, 0x0000000711400000|  0%| F|  |TAMS 0x0000000711200000| PB 0x0000000711200000| Untracked |  0
| 138|0x0000000711400000, 0x0000000711400000, 0x0000000711600000|  0%| F|  |TAMS 0x0000000711400000| PB 0x0000000711400000| Untracked |  0
| 139|0x0000000711600000, 0x0000000711600000, 0x0000000711800000|  0%| F|  |TAMS 0x0000000711600000| PB 0x0000000711600000| Untracked |  0
| 140|0x0000000711800000, 0x0000000711800000, 0x0000000711a00000|  0%| F|  |TAMS 0x0000000711800000| PB 0x0000000711800000| Untracked |  0
| 141|0x0000000711a00000, 0x0000000711a00000, 0x0000000711c00000|  0%| F|  |TAMS 0x0000000711a00000| PB 0x0000000711a00000| Untracked |  0
| 142|0x0000000711c00000, 0x0000000711c00000, 0x0000000711e00000|  0%| F|  |TAMS 0x0000000711c00000| PB 0x0000000711c00000| Untracked |  0
| 143|0x0000000711e00000, 0x0000000711e00000, 0x0000000712000000|  0%| F|  |TAMS 0x0000000711e00000| PB 0x0000000711e00000| Untracked |  0
| 144|0x0000000712000000, 0x0000000712000000, 0x0000000712200000|  0%| F|  |TAMS 0x0000000712000000| PB 0x0000000712000000| Untracked |  0
| 145|0x0000000712200000, 0x0000000712200000, 0x0000000712400000|  0%| F|  |TAMS 0x0000000712200000| PB 0x0000000712200000| Untracked |  0
| 146|0x0000000712400000, 0x0000000712400000, 0x0000000712600000|  0%| F|  |TAMS 0x0000000712400000| PB 0x0000000712400000| Untracked |  0
| 147|0x0000000712600000, 0x0000000712600000, 0x0000000712800000|  0%| F|  |TAMS 0x0000000712600000| PB 0x0000000712600000| Untracked |  0
| 148|0x0000000712800000, 0x0000000712800000, 0x0000000712a00000|  0%| F|  |TAMS 0x0000000712800000| PB 0x0000000712800000| Untracked |  0
| 149|0x0000000712a00000, 0x0000000712a00000, 0x0000000712c00000|  0%| F|  |TAMS 0x0000000712a00000| PB 0x0000000712a00000| Untracked |  0
| 150|0x0000000712c00000, 0x0000000712c00000, 0x0000000712e00000|  0%| F|  |TAMS 0x0000000712c00000| PB 0x0000000712c00000| Untracked |  0
| 151|0x0000000712e00000, 0x0000000712e00000, 0x0000000713000000|  0%| F|  |TAMS 0x0000000712e00000| PB 0x0000000712e00000| Untracked |  0
| 152|0x0000000713000000, 0x0000000713000000, 0x0000000713200000|  0%| F|  |TAMS 0x0000000713000000| PB 0x0000000713000000| Untracked |  0
| 153|0x0000000713200000, 0x0000000713200000, 0x0000000713400000|  0%| F|  |TAMS 0x0000000713200000| PB 0x0000000713200000| Untracked |  0
| 154|0x0000000713400000, 0x0000000713400000, 0x0000000713600000|  0%| F|  |TAMS 0x0000000713400000| PB 0x0000000713400000| Untracked |  0
| 155|0x0000000713600000, 0x0000000713600000, 0x0000000713800000|  0%| F|  |TAMS 0x0000000713600000| PB 0x0000000713600000| Untracked |  0
| 156|0x0000000713800000, 0x0000000713800000, 0x0000000713a00000|  0%| F|  |TAMS 0x0000000713800000| PB 0x0000000713800000| Untracked |  0
| 157|0x0000000713a00000, 0x0000000713a00000, 0x0000000713c00000|  0%| F|  |TAMS 0x0000000713a00000| PB 0x0000000713a00000| Untracked |  0
| 158|0x0000000713c00000, 0x0000000713c00000, 0x0000000713e00000|  0%| F|  |TAMS 0x0000000713c00000| PB 0x0000000713c00000| Untracked |  0
| 159|0x0000000713e00000, 0x0000000713e00000, 0x0000000714000000|  0%| F|  |TAMS 0x0000000713e00000| PB 0x0000000713e00000| Untracked |  0
| 160|0x0000000714000000, 0x0000000714000000, 0x0000000714200000|  0%| F|  |TAMS 0x0000000714000000| PB 0x0000000714000000| Untracked |  0
| 161|0x0000000714200000, 0x0000000714200000, 0x0000000714400000|  0%| F|  |TAMS 0x0000000714200000| PB 0x0000000714200000| Untracked |  0
| 162|0x0000000714400000, 0x0000000714400000, 0x0000000714600000|  0%| F|  |TAMS 0x0000000714400000| PB 0x0000000714400000| Untracked |  0
| 163|0x0000000714600000, 0x0000000714600000, 0x0000000714800000|  0%| F|  |TAMS 0x0000000714600000| PB 0x0000000714600000| Untracked |  0
| 164|0x0000000714800000, 0x0000000714800000, 0x0000000714a00000|  0%| F|  |TAMS 0x0000000714800000| PB 0x0000000714800000| Untracked |  0
| 165|0x0000000714a00000, 0x0000000714a00000, 0x0000000714c00000|  0%| F|  |TAMS 0x0000000714a00000| PB 0x0000000714a00000| Untracked |  0
| 166|0x0000000714c00000, 0x0000000714c00000, 0x0000000714e00000|  0%| F|  |TAMS 0x0000000714c00000| PB 0x0000000714c00000| Untracked |  0
| 167|0x0000000714e00000, 0x0000000714e00000, 0x0000000715000000|  0%| F|  |TAMS 0x0000000714e00000| PB 0x0000000714e00000| Untracked |  0
| 168|0x0000000715000000, 0x0000000715000000, 0x0000000715200000|  0%| F|  |TAMS 0x0000000715000000| PB 0x0000000715000000| Untracked |  0
| 169|0x0000000715200000, 0x0000000715200000, 0x0000000715400000|  0%| F|  |TAMS 0x0000000715200000| PB 0x0000000715200000| Untracked |  0
| 170|0x0000000715400000, 0x0000000715400000, 0x0000000715600000|  0%| F|  |TAMS 0x0000000715400000| PB 0x0000000715400000| Untracked |  0
| 171|0x0000000715600000, 0x0000000715600000, 0x0000000715800000|  0%| F|  |TAMS 0x0000000715600000| PB 0x0000000715600000| Untracked |  0
| 172|0x0000000715800000, 0x0000000715800000, 0x0000000715a00000|  0%| F|  |TAMS 0x0000000715800000| PB 0x0000000715800000| Untracked |  0
| 173|0x0000000715a00000, 0x0000000715a00000, 0x0000000715c00000|  0%| F|  |TAMS 0x0000000715a00000| PB 0x0000000715a00000| Untracked |  0
| 174|0x0000000715c00000, 0x0000000715c00000, 0x0000000715e00000|  0%| F|  |TAMS 0x0000000715c00000| PB 0x0000000715c00000| Untracked |  0
| 175|0x0000000715e00000, 0x0000000715e00000, 0x0000000716000000|  0%| F|  |TAMS 0x0000000715e00000| PB 0x0000000715e00000| Untracked |  0
| 176|0x0000000716000000, 0x0000000716000000, 0x0000000716200000|  0%| F|  |TAMS 0x0000000716000000| PB 0x0000000716000000| Untracked |  0
| 177|0x0000000716200000, 0x0000000716200000, 0x0000000716400000|  0%| F|  |TAMS 0x0000000716200000| PB 0x0000000716200000| Untracked |  0
| 178|0x0000000716400000, 0x0000000716400000, 0x0000000716600000|  0%| F|  |TAMS 0x0000000716400000| PB 0x0000000716400000| Untracked |  0
| 179|0x0000000716600000, 0x0000000716600000, 0x0000000716800000|  0%| F|  |TAMS 0x0000000716600000| PB 0x0000000716600000| Untracked |  0
| 180|0x0000000716800000, 0x0000000716800000, 0x0000000716a00000|  0%| F|  |TAMS 0x0000000716800000| PB 0x0000000716800000| Untracked |  0
| 181|0x0000000716a00000, 0x0000000716a00000, 0x0000000716c00000|  0%| F|  |TAMS 0x0000000716a00000| PB 0x0000000716a00000| Untracked |  0
| 182|0x0000000716c00000, 0x0000000716c00000, 0x0000000716e00000|  0%| F|  |TAMS 0x0000000716c00000| PB 0x0000000716c00000| Untracked |  0
| 183|0x0000000716e00000, 0x0000000716e00000, 0x0000000717000000|  0%| F|  |TAMS 0x0000000716e00000| PB 0x0000000716e00000| Untracked |  0
| 184|0x0000000717000000, 0x0000000717000000, 0x0000000717200000|  0%| F|  |TAMS 0x0000000717000000| PB 0x0000000717000000| Untracked |  0
| 185|0x0000000717200000, 0x0000000717200000, 0x0000000717400000|  0%| F|  |TAMS 0x0000000717200000| PB 0x0000000717200000| Untracked |  0
| 186|0x0000000717400000, 0x0000000717400000, 0x0000000717600000|  0%| F|  |TAMS 0x0000000717400000| PB 0x0000000717400000| Untracked |  0
|2040|0x00000007ff000000, 0x00000007ff200000, 0x00000007ff200000|100%| O|  |TAMS 0x00000007ff000000| PB 0x00000007ff000000| Untracked |  0
|2041|0x00000007ff200000, 0x00000007ff400000, 0x00000007ff400000|100%| O|  |TAMS 0x00000007ff200000| PB 0x00000007ff200000| Untracked |  0
|2042|0x00000007ff400000, 0x00000007ff600000, 0x00000007ff600000|100%| O|Cm|TAMS 0x00000007ff400000| PB 0x00000007ff400000| Complete |  0
|2043|0x00000007ff600000, 0x00000007ff600000, 0x00000007ff800000|  0%| F|  |TAMS 0x00000007ff600000| PB 0x00000007ff600000| Untracked |  0
|2044|0x00000007ff800000, 0x00000007ff800000, 0x00000007ffa00000|  0%| F|  |TAMS 0x00000007ff800000| PB 0x00000007ff800000| Untracked |  0
|2045|0x00000007ffa00000, 0x00000007ffc00000, 0x00000007ffc00000|100%| O|  |TAMS 0x00000007ffa00000| PB 0x00000007ffa00000| Untracked |  0
|2046|0x00000007ffc00000, 0x00000007ffc00000, 0x00000007ffe00000|  0%| F|  |TAMS 0x00000007ffc00000| PB 0x00000007ffc00000| Untracked |  0
|2047|0x00000007ffe00000, 0x00000007fff75248, 0x0000000800000000| 72%| E|  |TAMS 0x00000007ffe00000| PB 0x00000007ffe00000| Complete |  0

Card table byte_map: [0x000002871cdb0000,0x000002871d5b0000] _byte_map_base: 0x00000287195b0000

Marking Bits: (CMBitMap*) 0x00000287026474c0
 Bits: [0x000002871d5b0000, 0x00000287215b0000)

Polling page: 0x0000028702550000

Metaspace:
Metaspace        used 115994K, committed 118592K, reserved 1179648K
 class space     used 16888K, committed 18112K, reserved 1048576K

Usage:
  Non-class:     96.78 MB used.
      Class:     16.49 MB used.
       Both:    113.28 MB used.

Virtual space:
  Non-class space:      128.00 MB reserved,      98.12 MB ( 77%) committed,  2 nodes.
      Class space:        1.00 GB reserved,      17.69 MB (  2%) committed,  1 nodes.
             Both:        1.12 GB reserved,     115.81 MB ( 10%) committed. 

Chunk freelists:
   Non-Class:  12.97 MB
       Class:  14.20 MB
        Both:  27.17 MB

MaxMetaspaceSize: unlimited
CompressedClassSpaceSize: 1.00 GB
Initial GC threshold: 21.00 MB
Current GC threshold: 177.19 MB
CDS: on
 - commit_granule_bytes: 65536.
 - commit_granule_words: 8192.
 - virtual_space_node_default_size: 8388608.
 - enlarge_chunks_in_place: 1.
UseCompressedClassPointers 1, UseCompactObjectHeaders 0
Narrow klass pointer bits 32, Max shift 3
Narrow klass base: 0x0000000090000000, Narrow klass shift: 0
Encoding Range: [0x0000000090000000 - 0x0000000190000000), (4294967296 bytes)
Klass Range:    [0x0000000090010000 - 0x00000000d1000000), (1090453504 bytes)
Klass ID Range:  [65536 - 1090519033) (1090453497)
Protection zone: [0x0000000090000000 - 0x0000000090010000), (65536 bytes)


Internal statistics:

num_allocs_failed_limit: 12.
num_arena_births: 4642.
num_arena_deaths: 106.
num_vsnodes_births: 3.
num_vsnodes_deaths: 0.
num_space_committed: 1853.
num_space_uncommitted: 0.
num_chunks_returned_to_freelist: 120.
num_chunks_taken_from_freelist: 9923.
num_chunk_merges: 41.
num_chunk_splits: 6455.
num_chunks_enlarged: 4141.
num_inconsistent_stats: 0.

CodeHeap 'non-profiled nmethods': size=120064Kb used=7617Kb max_used=7617Kb free=112446Kb
 bounds [0x0000028714610000, 0x0000028714d90000, 0x000002871bb50000]
CodeHeap 'profiled nmethods': size=120064Kb used=25320Kb max_used=25320Kb free=94743Kb
 bounds [0x000002870cb30000, 0x000002870e3f0000, 0x0000028714070000]
CodeHeap 'non-nmethods': size=5760Kb used=2126Kb max_used=2185Kb free=3633Kb
 bounds [0x0000028714070000, 0x00000287142e0000, 0x0000028714610000]
CodeCache: size=245888Kb, used=35063Kb, max_used=35122Kb, free=210822Kb
 total_blobs=18085, nmethods=17123, adapters=863, full_count=0
Compilation: enabled, stopped_count=0, restarted_count=0

Compilation events (20 events):
Event: 87.329 Thread 0x0000028723cd2150 nmethod 19680 0x0000028714d71108 code [0x0000028714d71200, 0x0000028714d712f8]
Event: 87.498 Thread 0x0000028723cd2150 19681       4       java.lang.Thread::sleep (29 bytes)
Event: 87.500 Thread 0x0000028723cd2150 nmethod 19681 0x0000028714d71408 code [0x0000028714d71500, 0x0000028714d71678]
Event: 87.696 Thread 0x0000028723cd2150 19682       4       org.apache.http.util.Asserts::notNull (32 bytes)
Event: 87.696 Thread 0x0000028723cd2150 nmethod 19682 0x0000028714d71708 code [0x0000028714d71800, 0x0000028714d71880]
Event: 87.696 Thread 0x0000028723cd2150 19683   !   4       sun.security.ssl.SSLSocketImpl$AppInputStream::read (645 bytes)
Event: 87.730 Thread 0x0000028723cd2150 nmethod 19683 0x0000028714d71a08 code [0x0000028714d71b00, 0x0000028714d73be0]
Event: 87.730 Thread 0x0000028723cd2150 19684       4       org.gradle.internal.logging.progress.ProgressLoggingInputStream::read (31 bytes)
Event: 88.012 Thread 0x0000028723cd2150 nmethod 19684 0x0000028714d73c08 code [0x0000028714d73d00, 0x0000028714d7b4f0]
Event: 88.012 Thread 0x0000028723cd2150 19685   !   4       java.util.concurrent.locks.AbstractQueuedSynchronizer::acquire (448 bytes)
Event: 88.032 Thread 0x0000028723cd2150 nmethod 19685 0x0000028714d7b588 code [0x0000028714d7b680, 0x0000028714d7cff8]
Event: 88.055 Thread 0x0000028723cd2150 19686       4       java.util.Collections$SetFromMap::contains (11 bytes)
Event: 88.062 Thread 0x0000028723cd2150 nmethod 19686 0x0000028714d7d008 code [0x0000028714d7d100, 0x0000028714d7d4f0]
Event: 88.408 Thread 0x0000028723cd2150 19687       4       sun.security.ssl.Plaintext::<init> (43 bytes)
Event: 88.409 Thread 0x0000028723cd2150 nmethod 19687 0x0000028714d7d508 code [0x0000028714d7d600, 0x0000028714d7d838]
Event: 89.603 Thread 0x0000028723cd2150 19688       4       org.gradle.internal.logging.sink.OutputEventTransformer::onOutput (369 bytes)
Event: 89.624 Thread 0x0000028723cd2150 nmethod 19688 0x0000028714d7d888 code [0x0000028714d7d980, 0x0000028714d7ed60]
Event: 89.700 Thread 0x0000028723cd2150 19689   !   4       sun.security.ssl.SSLSocketInputRecord::readFully (75 bytes)
Event: 89.703 Thread 0x0000028723cd2150 nmethod 19689 0x0000028714d7ed88 code [0x0000028714d7ee80, 0x0000028714d7f1e0]
Event: 90.391 Thread 0x0000028723cd2150 19690       4       javax.management.ObjectName::construct (1135 bytes)

GC Heap Usage History (20 events):
Event: 45.756 {heap Before GC invocations=35 (full 0):
 garbage-first heap   total reserved 4194304K, committed 184320K, used 165437K [0x0000000700000000, 0x0000000800000000)
  region size 2048K, 28 young (57344K), 2 survivors (4096K)
}
Event: 45.769 {heap After GC invocations=36 (full 0):
 garbage-first heap   total reserved 4194304K, committed 184320K, used 116879K [0x0000000700000000, 0x0000000800000000)
  region size 2048K, 4 young (8192K), 4 survivors (8192K)
}
Event: 46.798 {heap Before GC invocations=36 (full 0):
 garbage-first heap   total reserved 4194304K, committed 184320K, used 168079K [0x0000000700000000, 0x0000000800000000)
  region size 2048K, 29 young (59392K), 4 survivors (8192K)
}
Event: 46.813 {heap After GC invocations=37 (full 0):
 garbage-first heap   total reserved 4194304K, committed 221184K, used 120773K [0x0000000700000000, 0x0000000800000000)
  region size 2048K, 2 young (4096K), 2 survivors (4096K)
}
Event: 49.032 {heap Before GC invocations=38 (full 0):
 garbage-first heap   total reserved 4194304K, committed 221184K, used 200645K [0x0000000700000000, 0x0000000800000000)
  region size 2048K, 41 young (83968K), 2 survivors (4096K)
}
Event: 49.065 {heap After GC invocations=39 (full 0):
 garbage-first heap   total reserved 4194304K, committed 223232K, used 137863K [0x0000000700000000, 0x0000000800000000)
  region size 2048K, 6 young (12288K), 6 survivors (12288K)
}
Event: 51.858 {heap Before GC invocations=39 (full 0):
 garbage-first heap   total reserved 4194304K, committed 223232K, used 195207K [0x0000000700000000, 0x0000000800000000)
  region size 2048K, 34 young (69632K), 6 survivors (12288K)
}
Event: 51.891 {heap After GC invocations=40 (full 0):
 garbage-first heap   total reserved 4194304K, committed 223232K, used 146964K [0x0000000700000000, 0x0000000800000000)
  region size 2048K, 5 young (10240K), 5 survivors (10240K)
}
Event: 53.063 {heap Before GC invocations=40 (full 0):
 garbage-first heap   total reserved 4194304K, committed 223232K, used 198164K [0x0000000700000000, 0x0000000800000000)
  region size 2048K, 30 young (61440K), 5 survivors (10240K)
}
Event: 53.080 {heap After GC invocations=41 (full 0):
 garbage-first heap   total reserved 4194304K, committed 223232K, used 155263K [0x0000000700000000, 0x0000000800000000)
  region size 2048K, 4 young (8192K), 4 survivors (8192K)
}
Event: 55.092 {heap Before GC invocations=42 (full 0):
 garbage-first heap   total reserved 4194304K, committed 260096K, used 202367K [0x0000000700000000, 0x0000000800000000)
  region size 2048K, 27 young (55296K), 4 survivors (8192K)
}
Event: 55.108 {heap After GC invocations=43 (full 0):
 garbage-first heap   total reserved 4194304K, committed 260096K, used 163655K [0x0000000700000000, 0x0000000800000000)
  region size 2048K, 4 young (8192K), 4 survivors (8192K)
}
Event: 57.139 {heap Before GC invocations=43 (full 0):
 garbage-first heap   total reserved 4194304K, committed 260096K, used 231239K [0x0000000700000000, 0x0000000800000000)
  region size 2048K, 37 young (75776K), 4 survivors (8192K)
}
Event: 57.159 {heap After GC invocations=44 (full 0):
 garbage-first heap   total reserved 4194304K, committed 260096K, used 177640K [0x0000000700000000, 0x0000000800000000)
  region size 2048K, 5 young (10240K), 5 survivors (10240K)
}
Event: 63.345 {heap Before GC invocations=44 (full 0):
 garbage-first heap   total reserved 4194304K, committed 260096K, used 232936K [0x0000000700000000, 0x0000000800000000)
  region size 2048K, 32 young (65536K), 5 survivors (10240K)
}
Event: 63.389 {heap After GC invocations=45 (full 0):
 garbage-first heap   total reserved 4194304K, committed 264192K, used 197243K [0x0000000700000000, 0x0000000800000000)
  region size 2048K, 4 young (8192K), 4 survivors (8192K)
}
Event: 64.107 {heap Before GC invocations=46 (full 0):
 garbage-first heap   total reserved 4194304K, committed 331776K, used 236155K [0x0000000700000000, 0x0000000800000000)
  region size 2048K, 23 young (47104K), 4 survivors (8192K)
}
Event: 64.120 {heap After GC invocations=47 (full 0):
 garbage-first heap   total reserved 4194304K, committed 331776K, used 203824K [0x0000000700000000, 0x0000000800000000)
  region size 2048K, 3 young (6144K), 3 survivors (6144K)
}
Event: 88.382 {heap Before GC invocations=47 (full 0):
 garbage-first heap   total reserved 4194304K, committed 331776K, used 281648K [0x0000000700000000, 0x0000000800000000)
  region size 2048K, 42 young (86016K), 3 survivors (6144K)
}
Event: 88.404 {heap After GC invocations=48 (full 0):
 garbage-first heap   total reserved 4194304K, committed 399360K, used 175957K [0x0000000700000000, 0x0000000800000000)
  region size 2048K, 6 young (12288K), 6 survivors (12288K)
}

Metaspace Usage History (20 events):
Event: 45.756 {metaspace Before GC invocations=35 (full 0):
 Metaspace       used 97918K, committed 100288K, reserved 1179648K
  class space    used 14565K, committed 15680K, reserved 1048576K
}
Event: 45.769 {metaspace After GC invocations=36 (full 0):
 Metaspace       used 97918K, committed 100288K, reserved 1179648K
  class space    used 14565K, committed 15680K, reserved 1048576K
}
Event: 46.798 {metaspace Before GC invocations=36 (full 0):
 Metaspace       used 101579K, committed 104064K, reserved 1179648K
  class space    used 15062K, committed 16256K, reserved 1048576K
}
Event: 46.813 {metaspace After GC invocations=37 (full 0):
 Metaspace       used 101579K, committed 104064K, reserved 1179648K
  class space    used 15062K, committed 16256K, reserved 1048576K
}
Event: 49.032 {metaspace Before GC invocations=38 (full 0):
 Metaspace       used 103848K, committed 106432K, reserved 1179648K
  class space    used 15377K, committed 16576K, reserved 1048576K
}
Event: 49.065 {metaspace After GC invocations=39 (full 0):
 Metaspace       used 103848K, committed 106432K, reserved 1179648K
  class space    used 15377K, committed 16576K, reserved 1048576K
}
Event: 51.858 {metaspace Before GC invocations=39 (full 0):
 Metaspace       used 105194K, committed 107776K, reserved 1179648K
  class space    used 15559K, committed 16768K, reserved 1048576K
}
Event: 51.891 {metaspace After GC invocations=40 (full 0):
 Metaspace       used 105194K, committed 107776K, reserved 1179648K
  class space    used 15559K, committed 16768K, reserved 1048576K
}
Event: 53.063 {metaspace Before GC invocations=40 (full 0):
 Metaspace       used 105511K, committed 108032K, reserved 1179648K
  class space    used 15562K, committed 16768K, reserved 1048576K
}
Event: 53.080 {metaspace After GC invocations=41 (full 0):
 Metaspace       used 105511K, committed 108032K, reserved 1179648K
  class space    used 15562K, committed 16768K, reserved 1048576K
}
Event: 55.092 {metaspace Before GC invocations=42 (full 0):
 Metaspace       used 105667K, committed 108160K, reserved 1179648K
  class space    used 15566K, committed 16768K, reserved 1048576K
}
Event: 55.108 {metaspace After GC invocations=43 (full 0):
 Metaspace       used 105667K, committed 108160K, reserved 1179648K
  class space    used 15566K, committed 16768K, reserved 1048576K
}
Event: 57.139 {metaspace Before GC invocations=43 (full 0):
 Metaspace       used 105884K, committed 108544K, reserved 1179648K
  class space    used 15579K, committed 16832K, reserved 1048576K
}
Event: 57.159 {metaspace After GC invocations=44 (full 0):
 Metaspace       used 105884K, committed 108544K, reserved 1179648K
  class space    used 15579K, committed 16832K, reserved 1048576K
}
Event: 63.345 {metaspace Before GC invocations=44 (full 0):
 Metaspace       used 106167K, committed 108800K, reserved 1179648K
  class space    used 15606K, committed 16832K, reserved 1048576K
}
Event: 63.389 {metaspace After GC invocations=45 (full 0):
 Metaspace       used 106167K, committed 108800K, reserved 1179648K
  class space    used 15606K, committed 16832K, reserved 1048576K
}
Event: 64.107 {metaspace Before GC invocations=46 (full 0):
 Metaspace       used 106427K, committed 108992K, reserved 1179648K
  class space    used 15613K, committed 16832K, reserved 1048576K
}
Event: 64.120 {metaspace After GC invocations=47 (full 0):
 Metaspace       used 106427K, committed 108992K, reserved 1179648K
  class space    used 15613K, committed 16832K, reserved 1048576K
}
Event: 88.382 {metaspace Before GC invocations=47 (full 0):
 Metaspace       used 115993K, committed 118592K, reserved 1179648K
  class space    used 16888K, committed 18112K, reserved 1048576K
}
Event: 88.404 {metaspace After GC invocations=48 (full 0):
 Metaspace       used 115993K, committed 118592K, reserved 1179648K
  class space    used 16888K, committed 18112K, reserved 1048576K
}

Dll operation events (14 events):
Event: 0.076 Loaded shared library C:\Users\Abraham Sistemas\.gradle\jdks\eclipse_adoptium-25-amd64-windows.2\bin\java.dll
Event: 0.286 Loaded shared library C:\Users\Abraham Sistemas\.gradle\jdks\eclipse_adoptium-25-amd64-windows.2\bin\zip.dll
Event: 0.295 Loaded shared library C:\Users\Abraham Sistemas\.gradle\jdks\eclipse_adoptium-25-amd64-windows.2\bin\instrument.dll
Event: 0.306 Loaded shared library C:\Users\Abraham Sistemas\.gradle\jdks\eclipse_adoptium-25-amd64-windows.2\bin\net.dll
Event: 0.311 Loaded shared library C:\Users\Abraham Sistemas\.gradle\jdks\eclipse_adoptium-25-amd64-windows.2\bin\nio.dll
Event: 0.315 Loaded shared library C:\Users\Abraham Sistemas\.gradle\jdks\eclipse_adoptium-25-amd64-windows.2\bin\zip.dll
Event: 0.550 Loaded shared library C:\Users\Abraham Sistemas\.gradle\jdks\eclipse_adoptium-25-amd64-windows.2\bin\jimage.dll
Event: 0.852 Loaded shared library C:\Users\Abraham Sistemas\.gradle\jdks\eclipse_adoptium-25-amd64-windows.2\bin\verify.dll
Event: 0.882 Loaded shared library C:\Users\Abraham Sistemas\.gradle\native\660c5614fbf4a5f2a75b1949f50a0caf5cd603558e7d8a26e50b933a0cfb79d1\windows-amd64\native-platform.dll
Event: 0.899 Loaded shared library C:\Users\Abraham Sistemas\.gradle\native\0.2.8\x86_64-windows-gnu\gradle-fileevents.dll
Event: 2.339 Loaded shared library C:\Users\Abraham Sistemas\.gradle\jdks\eclipse_adoptium-25-amd64-windows.2\bin\management.dll
Event: 2.344 Loaded shared library C:\Users\Abraham Sistemas\.gradle\jdks\eclipse_adoptium-25-amd64-windows.2\bin\management_ext.dll
Event: 2.553 Loaded shared library C:\Users\Abraham Sistemas\.gradle\jdks\eclipse_adoptium-25-amd64-windows.2\bin\extnet.dll
Event: 2.853 Loaded shared library C:\Users\Abraham Sistemas\.gradle\jdks\eclipse_adoptium-25-amd64-windows.2\bin\sunmscapi.dll

Deoptimization events (20 events):
Event: 70.345 Thread 0x000002872aae3fc0 DEOPT PACKING pc=0x000002870e348962 sp=0x000000a0d01f6ed0
Event: 70.345 Thread 0x000002872aae3fc0 DEOPT UNPACKING pc=0x00000287140c1702 sp=0x000000a0d01f6390 mode 0
Event: 70.351 Thread 0x000002872aae3fc0 DEOPT PACKING pc=0x000002870e348962 sp=0x000000a0d01f6ed0
Event: 70.351 Thread 0x000002872aae3fc0 DEOPT UNPACKING pc=0x00000287140c1702 sp=0x000000a0d01f6390 mode 0
Event: 70.357 Thread 0x000002872aae3fc0 Uncommon trap: trap_request=0xffffff45 fr.pc=0x0000028714d32a68 relative=0x00000000000001e8
Event: 70.357 Thread 0x000002872aae3fc0 Uncommon trap: reason=unstable_if action=reinterpret pc=0x0000028714d32a68 method=com.sun.crypto.provider.CounterMode.increment([B)V @ 18 c2
Event: 70.357 Thread 0x000002872aae3fc0 DEOPT PACKING pc=0x0000028714d32a68 sp=0x000000a0d01f6f80
Event: 70.357 Thread 0x000002872aae3fc0 DEOPT UNPACKING pc=0x0000028714193602 sp=0x000000a0d01f6ed0 mode 2
Event: 70.359 Thread 0x000002872aae3fc0 Uncommon trap: trap_request=0xffffff45 fr.pc=0x0000028714d31c60 relative=0x0000000000000260
Event: 70.359 Thread 0x000002872aae3fc0 Uncommon trap: reason=unstable_if action=reinterpret pc=0x0000028714d31c60 method=com.sun.crypto.provider.CounterMode.increment([B)V @ 18 c2
Event: 70.359 Thread 0x000002872aae3fc0 DEOPT PACKING pc=0x0000028714d31c60 sp=0x000000a0d01f6e60
Event: 70.359 Thread 0x000002872aae3fc0 DEOPT UNPACKING pc=0x0000028714193602 sp=0x000000a0d01f6db0 mode 2
Event: 70.419 Thread 0x000002872aae3fc0 DEOPT PACKING pc=0x000002870e379d62 sp=0x000000a0d01f6ee0
Event: 70.419 Thread 0x000002872aae3fc0 DEOPT UNPACKING pc=0x00000287140c1702 sp=0x000000a0d01f63a0 mode 0
Event: 72.438 Thread 0x000002872cdcf560 DEOPT PACKING pc=0x000002870e31f21f sp=0x000000a0cf9fcb60
Event: 72.438 Thread 0x000002872cdcf560 DEOPT UNPACKING pc=0x00000287140c1702 sp=0x000000a0cf9fbf80 mode 0
Event: 79.499 Thread 0x000002872aae95b0 Uncommon trap: trap_request=0xffffff45 fr.pc=0x00000287149511f4 relative=0x0000000000000074
Event: 79.499 Thread 0x000002872aae95b0 Uncommon trap: reason=unstable_if action=reinterpret pc=0x00000287149511f4 method=java.util.concurrent.locks.AbstractQueuedSynchronizer$ConditionObject.canReacquire(Ljava/util/concurrent/locks/AbstractQueuedSynchronizer$ConditionNode;)Z @ 18 c2
Event: 79.499 Thread 0x000002872aae95b0 DEOPT PACKING pc=0x00000287149511f4 sp=0x000000a0cf3feeb0
Event: 79.499 Thread 0x000002872aae95b0 DEOPT UNPACKING pc=0x0000028714193602 sp=0x000000a0cf3fee40 mode 2

Classes loaded (20 events):
Event: 69.450 Loading class org/w3c/dom/Comment
Event: 69.450 Loading class org/w3c/dom/Comment done
Event: 69.677 Loading class sun/security/ssl/PreSharedKeyExtension$PskIdentity
Event: 69.677 Loading class sun/security/ssl/PreSharedKeyExtension$PskIdentity done
Event: 69.677 Loading class javax/crypto/spec/HKDFParameterSpec$ExtractThenExpand
Event: 69.677 Loading class javax/crypto/spec/HKDFParameterSpec$ExtractThenExpand done
Event: 69.677 Loading class sun/security/ssl/PreSharedKeyExtension$CHPreSharedKeySpec
Event: 69.678 Loading class sun/security/ssl/PreSharedKeyExtension$CHPreSharedKeySpec done
Event: 69.678 Loading class sun/security/ssl/PreSharedKeyExtension$PartialClientHelloMessage
Event: 69.678 Loading class sun/security/ssl/PreSharedKeyExtension$PartialClientHelloMessage done
Event: 69.678 Loading class sun/security/ssl/SSLEngineOutputRecord
Event: 69.679 Loading class sun/security/ssl/SSLEngineOutputRecord done
Event: 69.679 Loading class sun/security/ssl/SSLEngineOutputRecord$HandshakeFragment
Event: 69.680 Loading class sun/security/ssl/SSLEngineOutputRecord$HandshakeFragment done
Event: 69.680 Loading class sun/security/ssl/SSLEngineOutputRecord$HandshakeMemo
Event: 69.680 Loading class sun/security/ssl/SSLEngineOutputRecord$RecordMemo
Event: 69.680 Loading class sun/security/ssl/SSLEngineOutputRecord$RecordMemo done
Event: 69.680 Loading class sun/security/ssl/SSLEngineOutputRecord$HandshakeMemo done
Event: 69.718 Loading class sun/security/ssl/PreSharedKeyExtension$SHPreSharedKeySpec
Event: 69.718 Loading class sun/security/ssl/PreSharedKeyExtension$SHPreSharedKeySpec done

Classes unloaded (20 events):
Event: 63.627 Thread 0x0000028723e20950 Unloading class 0x0000000092040800 'java/lang/invoke/LambdaForm$MH+0x0000000092040800'
Event: 63.627 Thread 0x0000028723e20950 Unloading class 0x0000000092040000 'java/lang/invoke/LambdaForm$MH+0x0000000092040000'
Event: 63.627 Thread 0x0000028723e20950 Unloading class 0x0000000092034c00 'java/lang/invoke/LambdaForm$MH+0x0000000092034c00'
Event: 63.627 Thread 0x0000028723e20950 Unloading class 0x0000000092034800 'java/lang/invoke/LambdaForm$MH+0x0000000092034800'
Event: 63.627 Thread 0x0000028723e20950 Unloading class 0x0000000092034400 'java/lang/invoke/LambdaForm$MH+0x0000000092034400'
Event: 63.627 Thread 0x0000028723e20950 Unloading class 0x0000000092034000 'java/lang/invoke/LambdaForm$MH+0x0000000092034000'
Event: 63.627 Thread 0x0000028723e20950 Unloading class 0x0000000091f6c000 'java/lang/invoke/LambdaForm$MH+0x0000000091f6c000'
Event: 63.627 Thread 0x0000028723e20950 Unloading class 0x0000000091f2c000 'java/lang/invoke/LambdaForm$MH+0x0000000091f2c000'
Event: 63.627 Thread 0x0000028723e20950 Unloading class 0x0000000091f14000 'java/lang/invoke/LambdaForm$MH+0x0000000091f14000'
Event: 63.627 Thread 0x0000028723e20950 Unloading class 0x0000000091f0c000 'java/lang/invoke/LambdaForm$MH+0x0000000091f0c000'
Event: 63.627 Thread 0x0000028723e20950 Unloading class 0x0000000091ef8000 'java/lang/invoke/LambdaForm$MH+0x0000000091ef8000'
Event: 63.627 Thread 0x0000028723e20950 Unloading class 0x0000000091e9c000 'java/lang/invoke/LambdaForm$MH+0x0000000091e9c000'
Event: 63.627 Thread 0x0000028723e20950 Unloading class 0x0000000091e97000 'java/lang/invoke/LambdaForm$MH+0x0000000091e97000'
Event: 63.627 Thread 0x0000028723e20950 Unloading class 0x0000000091e91400 'java/lang/invoke/LambdaForm$MH+0x0000000091e91400'
Event: 63.627 Thread 0x0000028723e20950 Unloading class 0x0000000091e8d400 'java/lang/invoke/LambdaForm$MH+0x0000000091e8d400'
Event: 63.627 Thread 0x0000028723e20950 Unloading class 0x0000000091e87000 'java/lang/invoke/LambdaForm$MH+0x0000000091e87000'
Event: 63.627 Thread 0x0000028723e20950 Unloading class 0x0000000091e7c000 'java/lang/invoke/LambdaForm$MH+0x0000000091e7c000'
Event: 63.627 Thread 0x0000028723e20950 Unloading class 0x0000000091e78000 'java/lang/invoke/LambdaForm$MH+0x0000000091e78000'
Event: 63.627 Thread 0x0000028723e20950 Unloading class 0x0000000091e38000 'java/lang/invoke/LambdaForm$MH+0x0000000091e38000'
Event: 63.627 Thread 0x0000028723e20950 Unloading class 0x0000000091d40000 'java/lang/invoke/LambdaForm$MH+0x0000000091d40000'

Classes redefined (0 events):
No events

Internal exceptions (20 events):
Event: 63.558 Thread 0x000002872a9133b0 Exception <a 'sun/nio/fs/WindowsException'{0x000000070e85e008}> (0x000000070e85e008) 
thrown [s\src\hotspot\share\prims\jni.cpp, line 516]
Event: 63.559 Thread 0x000002872a9133b0 Exception <a 'sun/nio/fs/WindowsException'{0x000000070e8613a8}> (0x000000070e8613a8) 
thrown [s\src\hotspot\share\prims\jni.cpp, line 516]
Event: 63.711 Thread 0x000002872a9133b0 Implicit null exception at 0x0000028714a8ffc7 to 0x0000028714a902d8
Event: 64.497 Thread 0x000002872a9133b0 Exception <a 'java/lang/IncompatibleClassChangeError'{0x0000000712ba2e88}: Found class java.lang.Object, but interface was expected> (0x0000000712ba2e88) 
thrown [s\src\hotspot\share\interpreter\linkResolver.cpp, line 871]
Event: 64.550 Thread 0x000002872aae5f00 Exception <a 'java/lang/NoSuchMethodError'{0x00000007129ea758}: 'java.lang.Object java.lang.invoke.DirectMethodHandle$Holder.newInvokeSpecial(java.lang.Object, java.lang.Object, int, java.lang.Object, java.lang.Object)'> (0x00000007129ea758) 
thrown [s\src\hotspot\share\interpreter\linkResolver.cpp, line 804]
Event: 64.648 Thread 0x000002872aae3fc0 Exception <a 'java/lang/NoSuchMethodError'{0x0000000711d3e220}: 'void java.lang.invoke.DirectMethodHandle$Holder.invokeSpecial(java.lang.Object, java.lang.Object, java.lang.Object, java.lang.Object, int, java.lang.Object, java.lang.Object)'> (0x0000000711d3e220) 
thrown [s\src\hotspot\share\interpreter\linkResolver.cpp, line 804]
Event: 64.689 Thread 0x000002872aae3fc0 Exception <a 'sun/nio/fs/WindowsException'{0x0000000711afced8}> (0x0000000711afced8) 
thrown [s\src\hotspot\share\prims\jni.cpp, line 516]
Event: 64.690 Thread 0x000002872aae3fc0 Exception <a 'sun/nio/fs/WindowsException'{0x0000000711b004e8}> (0x0000000711b004e8) 
thrown [s\src\hotspot\share\prims\jni.cpp, line 516]
Event: 64.728 Thread 0x000002872aae3fc0 Exception <a 'sun/nio/fs/WindowsException'{0x0000000711824eb8}> (0x0000000711824eb8) 
thrown [s\src\hotspot\share\prims\jni.cpp, line 516]
Event: 64.729 Thread 0x000002872aae3fc0 Exception <a 'java/lang/NoSuchMethodError'{0x0000000711829ed8}: 'int java.lang.invoke.DirectMethodHandle$Holder.invokeSpecial(java.lang.Object, java.lang.Object, java.lang.Object, java.lang.Object, java.lang.Object)'> (0x0000000711829ed8) 
thrown [s\src\hotspot\share\interpreter\linkResolver.cpp, line 804]
Event: 64.868 Thread 0x000002872aae3fc0 Exception <a 'java/lang/NoSuchMethodError'{0x000000071169bd68}: 'void java.lang.invoke.DirectMethodHandle$Holder.invokeStatic(java.lang.Object, int)'> (0x000000071169bd68) 
thrown [s\src\hotspot\share\interpreter\linkResolver.cpp, line 804]
Event: 64.868 Thread 0x000002872aae3fc0 Exception <a 'java/lang/NoSuchMethodError'{0x00000007116a4528}: 'void java.lang.invoke.DirectMethodHandle$Holder.invokeStaticInit(java.lang.Object, int)'> (0x00000007116a4528) 
thrown [s\src\hotspot\share\interpreter\linkResolver.cpp, line 804]
Event: 64.947 Thread 0x000002872aae3fc0 Exception <a 'sun/nio/fs/WindowsException'{0x00000007114dbb58}> (0x00000007114dbb58) 
thrown [s\src\hotspot\share\prims\jni.cpp, line 516]
Event: 64.948 Thread 0x000002872aae3fc0 Exception <a 'sun/nio/fs/WindowsException'{0x00000007114dd9b8}> (0x00000007114dd9b8) 
thrown [s\src\hotspot\share\prims\jni.cpp, line 516]
Event: 64.952 Thread 0x000002872aae3fc0 Exception <a 'sun/nio/fs/WindowsException'{0x00000007114dfb18}> (0x00000007114dfb18) 
thrown [s\src\hotspot\share\prims\jni.cpp, line 516]
Event: 64.953 Thread 0x000002872aae3fc0 Exception <a 'java/lang/IncompatibleClassChangeError'{0x00000007114f1a58}: Found class java.lang.Object, but interface was expected> (0x00000007114f1a58) 
thrown [s\src\hotspot\share\interpreter\linkResolver.cpp, line 871]
Event: 66.475 Thread 0x00000287342ba000 Implicit null exception at 0x0000028714cbf822 to 0x0000028714cbfc1c
Event: 66.478 Thread 0x00000287342ba000 Implicit null exception at 0x0000028714c64846 to 0x0000028714c64ce8
Event: 69.267 Thread 0x00000287342b9830 Exception <a 'java/lang/NoSuchMethodError'{0x000000070fa4de20}: 'void java.lang.invoke.DirectMethodHandle$Holder.invokeVirtual(java.lang.Object, java.lang.Object, long)'> (0x000000070fa4de20) 
thrown [s\src\hotspot\share\interpreter\linkResolver.cpp, line 804]
Event: 69.267 Thread 0x00000287342ba000 Exception <a 'java/lang/NoSuchMethodError'{0x000000070fa17b10}: 'void java.lang.invoke.DirectMethodHandle$Holder.invokeVirtual(java.lang.Object, java.lang.Object, long)'> (0x000000070fa17b10) 
thrown [s\src\hotspot\share\interpreter\linkResolver.cpp, line 804]

VM Operations (20 events):
Event: 64.951 Executing non-safepoint VM operation: HandshakeAllThreads (Deoptimize)
Event: 64.951 Executing non-safepoint VM operation: HandshakeAllThreads (Deoptimize) done
Event: 65.079 Executing non-safepoint VM operation: HandshakeAllThreads (Deoptimize)
Event: 65.080 Executing non-safepoint VM operation: HandshakeAllThreads (Deoptimize) done
Event: 65.656 Executing non-safepoint VM operation: HandshakeAllThreads (Deoptimize)
Event: 65.656 Executing non-safepoint VM operation: HandshakeAllThreads (Deoptimize) done
Event: 66.333 Executing non-safepoint VM operation: HandshakeAllThreads (Deoptimize)
Event: 66.333 Executing non-safepoint VM operation: HandshakeAllThreads (Deoptimize) done
Event: 66.365 Executing non-safepoint VM operation: HandshakeAllThreads (Deoptimize)
Event: 66.365 Executing non-safepoint VM operation: HandshakeAllThreads (Deoptimize) done
Event: 66.433 Executing non-safepoint VM operation: HandshakeAllThreads (Deoptimize)
Event: 66.433 Executing non-safepoint VM operation: HandshakeAllThreads (Deoptimize) done
Event: 68.556 Executing non-safepoint VM operation: HandshakeAllThreads (Deoptimize)
Event: 68.556 Executing non-safepoint VM operation: HandshakeAllThreads (Deoptimize) done
Event: 69.330 Executing non-safepoint VM operation: HandshakeAllThreads (Deoptimize)
Event: 69.330 Executing non-safepoint VM operation: HandshakeAllThreads (Deoptimize) done
Event: 69.361 Executing non-safepoint VM operation: HandshakeAllThreads (Deoptimize)
Event: 69.361 Executing non-safepoint VM operation: HandshakeAllThreads (Deoptimize) done
Event: 88.382 Executing safepoint VM operation: G1CollectForAllocation (G1 Evacuation Pause)
Event: 88.404 Executing safepoint VM operation: G1CollectForAllocation (G1 Evacuation Pause) done

Memory protections (0 events):
No events

Nmethod flushes (20 events):
Event: 63.652 Thread 0x0000028723e20950 flushing  nmethod 0x000002870d50b588
Event: 63.652 Thread 0x0000028723e20950 flushing  nmethod 0x000002870d530888
Event: 63.652 Thread 0x0000028723e20950 flushing  nmethod 0x000002870d546b08
Event: 63.652 Thread 0x0000028723e20950 flushing  nmethod 0x000002870d572a88
Event: 63.652 Thread 0x0000028723e20950 flushing  nmethod 0x000002870d5d6b88
Event: 63.652 Thread 0x0000028723e20950 flushing  nmethod 0x000002870d602388
Event: 63.652 Thread 0x0000028723e20950 flushing  nmethod 0x000002870d6c3b08
Event: 63.652 Thread 0x0000028723e20950 flushing  nmethod 0x000002870d6c4908
Event: 63.652 Thread 0x0000028723e20950 flushing  nmethod 0x000002870d7c6308
Event: 63.652 Thread 0x0000028723e20950 flushing  nmethod 0x000002870d8c1e08
Event: 63.652 Thread 0x0000028723e20950 flushing  nmethod 0x000002870d8f6b08
Event: 63.652 Thread 0x0000028723e20950 flushing  nmethod 0x000002870d9ea288
Event: 63.652 Thread 0x0000028723e20950 flushing  nmethod 0x000002870d9ed288
Event: 63.652 Thread 0x0000028723e20950 flushing  nmethod 0x000002870d9eea08
Event: 63.652 Thread 0x0000028723e20950 flushing  nmethod 0x000002870de2a808
Event: 63.652 Thread 0x0000028723e20950 flushing  nmethod 0x000002870de71e88
Event: 63.652 Thread 0x0000028723e20950 flushing  nmethod 0x000002870de73e08
Event: 63.652 Thread 0x0000028723e20950 flushing  nmethod 0x000002870deab088
Event: 63.652 Thread 0x0000028723e20950 flushing  nmethod 0x000002870deadf88
Event: 63.652 Thread 0x0000028723e20950 flushing  nmethod 0x000002870def8d88

Events (20 events):
Event: 64.038 Thread 0x000002872a9133b0 Thread added: 0x000002872a913b80
Event: 64.140 Thread 0x000002872a9133b0 Thread added: 0x000002872a9152f0
Event: 64.204 Thread 0x000002872a9133b0 Thread added: 0x000002872bf086b0
Event: 64.214 Thread 0x000002872a9133b0 Thread added: 0x000002872bf05fa0
Event: 64.541 Thread 0x000002872a9133b0 Thread added: 0x000002872aae5f00
Event: 64.553 Thread 0x000002872aae5f00 Thread added: 0x000002872aae3fc0
Event: 64.555 Thread 0x000002872aae5f00 Thread added: 0x000002872aae8de0
Event: 64.556 Thread 0x000002872aae5f00 Thread added: 0x000002872ce3ffa0
Event: 64.558 Thread 0x000002872aae5f00 Thread added: 0x000002872ce3e830
Event: 64.561 Thread 0x000002872aae5f00 Thread added: 0x000002872ce3f7d0
Event: 64.562 Thread 0x000002872aae5f00 Thread added: 0x00000287342bb770
Event: 64.564 Thread 0x000002872aae5f00 Thread added: 0x00000287342bbf40
Event: 64.600 Thread 0x000002872aae3fc0 Thread added: 0x00000287342b9060
Event: 65.104 Thread 0x000002872aae3fc0 Thread added: 0x00000287342b9830
Event: 65.111 Thread 0x000002872aae3fc0 Thread added: 0x00000287342ba000
Event: 69.476 Thread 0x000002872aae3fc0 Thread added: 0x00000287342c1d00
Event: 69.479 Thread 0x000002872aae3fc0 Thread added: 0x00000287342c24d0
Event: 69.651 Thread 0x000002872aae3fc0 Thread added: 0x00000287342bf5f0
Event: 69.653 Thread 0x000002872aae3fc0 Thread added: 0x00000287342c3c40
Event: 69.655 Thread 0x000002872aae3fc0 Thread added: 0x00000287342c4410


Dynamic libraries:
0x00007ff67b230000 - 0x00007ff67b23e000 	C:\Users\Abraham Sistemas\.gradle\jdks\eclipse_adoptium-25-amd64-windows.2\bin\java.exe
0x00007ffb00c60000 - 0x00007ffb00ec7000 	C:\WINDOWS\SYSTEM32\ntdll.dll
0x00007ffabed40000 - 0x00007ffabed61000 	C:\Program Files\Norton\Suite\aswhook.dll
0x00007ffaffab0000 - 0x00007ffaffb7b000 	C:\WINDOWS\System32\KERNEL32.DLL
0x00007ffafe000000 - 0x00007ffafe402000 	C:\WINDOWS\System32\KERNELBASE.dll
0x00007ffafe5a0000 - 0x00007ffafe6ec000 	C:\WINDOWS\System32\ucrtbase.dll
0x00007ffab9290000 - 0x00007ffab92ae000 	C:\Users\Abraham Sistemas\.gradle\jdks\eclipse_adoptium-25-amd64-windows.2\bin\VCRUNTIME140.dll
0x00007ffab9270000 - 0x00007ffab9286000 	C:\Users\Abraham Sistemas\.gradle\jdks\eclipse_adoptium-25-amd64-windows.2\bin\jli.dll
0x00007ffb00170000 - 0x00007ffb0033f000 	C:\WINDOWS\System32\USER32.dll
0x00007ffafdf20000 - 0x00007ffafdf47000 	C:\WINDOWS\System32\win32u.dll
0x00007ffaea5a0000 - 0x00007ffaea830000 	C:\WINDOWS\WinSxS\amd64_microsoft.windows.common-controls_6595b64144ccf1df_6.0.26100.9278_none_3e0d1ba8e3303201\COMCTL32.dll
0x00007ffb00b40000 - 0x00007ffb00b6b000 	C:\WINDOWS\System32\GDI32.dll
0x00007ffb00b70000 - 0x00007ffb00c19000 	C:\WINDOWS\System32\msvcrt.dll
0x00007ffafe790000 - 0x00007ffafe8b9000 	C:\WINDOWS\System32\gdi32full.dll
0x00007ffafdf50000 - 0x00007ffafdff3000 	C:\WINDOWS\System32\msvcp_win.dll
0x00007ffaffb90000 - 0x00007ffaffbc1000 	C:\WINDOWS\System32\IMM32.DLL
0x00007ffab9260000 - 0x00007ffab926c000 	C:\Users\Abraham Sistemas\.gradle\jdks\eclipse_adoptium-25-amd64-windows.2\bin\vcruntime140_1.dll
0x00007ffa8caa0000 - 0x00007ffa8cb2d000 	C:\Users\Abraham Sistemas\.gradle\jdks\eclipse_adoptium-25-amd64-windows.2\bin\msvcp140.dll
0x00007ffa436e0000 - 0x00007ffa4460a000 	C:\Users\Abraham Sistemas\.gradle\jdks\eclipse_adoptium-25-amd64-windows.2\bin\server\jvm.dll
0x00007ffb008e0000 - 0x00007ffb0099c000 	C:\WINDOWS\System32\ADVAPI32.dll
0x00007ffb009b0000 - 0x00007ffb00a59000 	C:\WINDOWS\System32\sechost.dll
0x00007ffb00630000 - 0x00007ffb00748000 	C:\WINDOWS\System32\RPCRT4.dll
0x00007ffaffa10000 - 0x00007ffaffa90000 	C:\WINDOWS\System32\WS2_32.dll
0x00007ffafdcc0000 - 0x00007ffafdd1e000 	C:\WINDOWS\SYSTEM32\POWRPROF.dll
0x00007ffaf7b20000 - 0x00007ffaf7b2b000 	C:\WINDOWS\SYSTEM32\VERSION.dll
0x00007ffaee410000 - 0x00007ffaee446000 	C:\WINDOWS\SYSTEM32\WINMM.dll
0x00007ffafdca0000 - 0x00007ffafdcb5000 	C:\WINDOWS\SYSTEM32\UMPDC.dll
0x00007ffafcb00000 - 0x00007ffafcb1b000 	C:\WINDOWS\SYSTEM32\kernel.appcore.dll
0x00007ffab9250000 - 0x00007ffab925a000 	C:\Users\Abraham Sistemas\.gradle\jdks\eclipse_adoptium-25-amd64-windows.2\bin\jimage.dll
0x00007ffafb530000 - 0x00007ffafb77c000 	C:\WINDOWS\SYSTEM32\DBGHELP.DLL
0x00007ffaffbd0000 - 0x00007ffafff55000 	C:\WINDOWS\System32\combase.dll
0x00007ffb00370000 - 0x00007ffb00449000 	C:\WINDOWS\System32\OLEAUT32.dll
0x00007ffaf2ed0000 - 0x00007ffaf2f0b000 	C:\WINDOWS\SYSTEM32\dbgcore.DLL
0x00007ffafde60000 - 0x00007ffafdf0c000 	C:\WINDOWS\System32\bcryptPrimitives.dll
0x00007ffab9240000 - 0x00007ffab924f000 	C:\Users\Abraham Sistemas\.gradle\jdks\eclipse_adoptium-25-amd64-windows.2\bin\instrument.dll
0x00007ffab9220000 - 0x00007ffab923e000 	C:\Users\Abraham Sistemas\.gradle\jdks\eclipse_adoptium-25-amd64-windows.2\bin\java.dll
0x00007ffaff870000 - 0x00007ffaffa0a000 	C:\WINDOWS\System32\ole32.dll
0x00007ffaff010000 - 0x00007ffaff7a8000 	C:\WINDOWS\System32\SHELL32.dll
0x00007ffafb8a0000 - 0x00007ffafc14e000 	C:\WINDOWS\SYSTEM32\windows.storage.dll
0x00007ffb007e0000 - 0x00007ffb008db000 	C:\WINDOWS\System32\SHCORE.dll
0x00007ffaff800000 - 0x00007ffaff866000 	C:\WINDOWS\System32\shlwapi.dll
0x00007ffafdd80000 - 0x00007ffafdda9000 	C:\WINDOWS\SYSTEM32\profapi.dll
0x00007ffa93970000 - 0x00007ffa93986000 	C:\Users\Abraham Sistemas\.gradle\jdks\eclipse_adoptium-25-amd64-windows.2\bin\zip.dll
0x00007ffa93740000 - 0x00007ffa93751000 	C:\Users\Abraham Sistemas\.gradle\jdks\eclipse_adoptium-25-amd64-windows.2\bin\net.dll
0x00007ffafd0b0000 - 0x00007ffafd11c000 	C:\WINDOWS\system32\mswsock.dll
0x00007ffa92ff0000 - 0x00007ffa93006000 	C:\Users\Abraham Sistemas\.gradle\jdks\eclipse_adoptium-25-amd64-windows.2\bin\nio.dll
0x00007ffa93960000 - 0x00007ffa93970000 	C:\Users\Abraham Sistemas\.gradle\jdks\eclipse_adoptium-25-amd64-windows.2\bin\verify.dll
0x00007ffac8060000 - 0x00007ffac8087000 	C:\Users\Abraham Sistemas\.gradle\native\660c5614fbf4a5f2a75b1949f50a0caf5cd603558e7d8a26e50b933a0cfb79d1\windows-amd64\native-platform.dll
0x00007ffa90600000 - 0x00007ffa90677000 	C:\Users\Abraham Sistemas\.gradle\native\0.2.8\x86_64-windows-gnu\gradle-fileevents.dll
0x00007ffa935b0000 - 0x00007ffa935ba000 	C:\Users\Abraham Sistemas\.gradle\jdks\eclipse_adoptium-25-amd64-windows.2\bin\management.dll
0x00007ffa93250000 - 0x00007ffa9325c000 	C:\Users\Abraham Sistemas\.gradle\jdks\eclipse_adoptium-25-amd64-windows.2\bin\management_ext.dll
0x00007ffafe980000 - 0x00007ffafe988000 	C:\WINDOWS\System32\PSAPI.DLL
0x00007ffafc4a0000 - 0x00007ffafc4d3000 	C:\WINDOWS\SYSTEM32\IPHLPAPI.DLL
0x00007ffaffaa0000 - 0x00007ffaffaaa000 	C:\WINDOWS\System32\NSI.dll
0x00007ffa92fe0000 - 0x00007ffa92fe9000 	C:\Users\Abraham Sistemas\.gradle\jdks\eclipse_adoptium-25-amd64-windows.2\bin\extnet.dll
0x00007ffafd3e0000 - 0x00007ffafd3fb000 	C:\WINDOWS\SYSTEM32\CRYPTSP.dll
0x00007ffafca60000 - 0x00007ffafca99000 	C:\WINDOWS\system32\rsaenh.dll
0x00007ffafd180000 - 0x00007ffafd1b4000 	C:\WINDOWS\SYSTEM32\USERENV.dll
0x00007ffafdd50000 - 0x00007ffafdd7a000 	C:\WINDOWS\SYSTEM32\bcrypt.dll
0x00007ffafd400000 - 0x00007ffafd40c000 	C:\WINDOWS\SYSTEM32\CRYPTBASE.dll
0x00007ffa928b0000 - 0x00007ffa928be000 	C:\Users\Abraham Sistemas\.gradle\jdks\eclipse_adoptium-25-amd64-windows.2\bin\sunmscapi.dll
0x00007ffafe410000 - 0x00007ffafe58e000 	C:\WINDOWS\System32\CRYPT32.dll
0x00007ffafd620000 - 0x00007ffafd650000 	C:\WINDOWS\SYSTEM32\ncrypt.dll
0x00007ffafd5d0000 - 0x00007ffafd60f000 	C:\WINDOWS\SYSTEM32\NTASN1.dll
0x00007ffabfcf0000 - 0x00007ffabfcf8000 	C:\WINDOWS\system32\wshunix.dll
0x00007ffafc4e0000 - 0x00007ffafc638000 	C:\WINDOWS\SYSTEM32\DNSAPI.dll
0x00007ffafcea0000 - 0x00007ffafcead000 	C:\WINDOWS\SYSTEM32\DSPARSE.dll
0x00007ffaf2f10000 - 0x00007ffaf2f1b000 	C:\Windows\System32\rasadhlp.dll
0x00007ffaf5310000 - 0x00007ffaf5396000 	C:\WINDOWS\System32\fwpuclnt.dll

JVMTI agents:
C:\Users\Abraham Sistemas\.gradle\wrapper\dists\gradle-9.7.1-bin\1w1c7tv4s851m17nbqdsro2tv\gradle-9.7.1\lib\agents\gradle-instrumentation-agent-9.7.1.jar path:C:\Users\Abraham Sistemas\.gradle\jdks\eclipse_adoptium-25-amd64-windows.2\bin\instrument.dll, loaded, initialized, instrumentlib options:none

dbghelp: loaded successfully - version: 4.0.5 - missing functions: none
symbol engine: initialized successfully - sym options: 0x614 - pdb path: .;C:\Users\Abraham Sistemas\.gradle\jdks\eclipse_adoptium-25-amd64-windows.2\bin;C:\WINDOWS\SYSTEM32;C:\Program Files\Norton\Suite;C:\WINDOWS\WinSxS\amd64_microsoft.windows.common-controls_6595b64144ccf1df_6.0.26100.9278_none_3e0d1ba8e3303201;C:\Users\Abraham Sistemas\.gradle\jdks\eclipse_adoptium-25-amd64-windows.2\bin\server;C:\Users\Abraham Sistemas\.gradle\native\660c5614fbf4a5f2a75b1949f50a0caf5cd603558e7d8a26e50b933a0cfb79d1\windows-amd64;C:\Users\Abraham Sistemas\.gradle\native\0.2.8\x86_64-windows-gnu

VM Arguments:
jvm_args: --add-opens=java.base/java.lang=ALL-UNNAMED --add-opens=java.base/java.lang.invoke=ALL-UNNAMED --add-opens=java.base/java.util=ALL-UNNAMED --add-opens=java.prefs/java.util.prefs=ALL-UNNAMED --add-exports=jdk.compiler/com.sun.tools.javac.api=ALL-UNNAMED --add-exports=jdk.compiler/com.sun.tools.javac.util=ALL-UNNAMED --add-opens=java.base/java.nio.charset=ALL-UNNAMED --add-opens=java.base/java.net=ALL-UNNAMED --add-opens=java.base/java.util.concurrent=ALL-UNNAMED --add-opens=java.base/java.util.concurrent.atomic=ALL-UNNAMED --add-opens=java.xml/javax.xml.namespace=ALL-UNNAMED --add-opens=java.base/java.time=ALL-UNNAMED --enable-native-access=ALL-UNNAMED -Xmx4096m -Dfile.encoding=UTF-8 -Duser.country=MX -Duser.language=es -Duser.variant -javaagent:C:\Users\Abraham Sistemas\.gradle\wrapper\dists\gradle-9.7.1-bin\1w1c7tv4s851m17nbqdsro2tv\gradle-9.7.1\lib\agents\gradle-instrumentation-agent-9.7.1.jar 
java_command: org.gradle.launcher.daemon.bootstrap.GradleDaemon 9.7.1
java_class_path (initial): C:\Users\Abraham Sistemas\.gradle\wrapper\dists\gradle-9.7.1-bin\1w1c7tv4s851m17nbqdsro2tv\gradle-9.7.1\lib\gradle-daemon-main-9.7.1.jar
Launcher Type: SUN_STANDARD

[Global flags]
     intx CICompilerCount                          = 4                                         {product} {ergonomic}
     uint ConcGCThreads                            = 2                                         {product} {ergonomic}
     uint G1ConcRefinementThreads                  = 8                                         {product} {ergonomic}
   size_t G1HeapRegionSize                         = 2097152                                   {product} {ergonomic}
   size_t InitialHeapSize                          = 134217728                                 {product} {ergonomic}
   size_t MarkStackSize                            = 4194304                                   {product} {ergonomic}
   size_t MarkStackSizeMax                         = 536870912                                 {product} {ergonomic}
   size_t MaxHeapSize                              = 4294967296                                {product} {command line}
   size_t MaxNewSize                               = 2575302656                                {product} {ergonomic}
   size_t MinHeapDeltaBytes                        = 2097152                                   {product} {ergonomic}
   size_t MinHeapSize                              = 8388608                                   {product} {ergonomic}
    uintx NonNMethodCodeHeapSize                   = 5898240                                {pd product} {ergonomic}
    uintx NonProfiledCodeHeapSize                  = 122945536                              {pd product} {ergonomic}
    uintx ProfiledCodeHeapSize                     = 122945536                              {pd product} {ergonomic}
    uintx ReservedCodeCacheSize                    = 251789312                              {pd product} {ergonomic}
     bool SegmentedCodeCache                       = true                                      {product} {ergonomic}
   size_t SoftMaxHeapSize                          = 4294967296                             {manageable} {ergonomic}
     bool UseCompressedOops                        = true                           {product lp64_product} {ergonomic}
     bool UseG1GC                                  = true                                      {product} {ergonomic}
     bool UseLargePagesIndividualAllocation        = false                                  {pd product} {ergonomic}

Logging:
Log output configuration:
 #0: stdout all=warning uptime,level,tags foldmultilines=false
 #1: stderr all=off uptime,level,tags foldmultilines=false

Release file:
IMPLEMENTOR="Eclipse Adoptium" 
IMPLEMENTOR_VERSION="Temurin-25.0.3+9" 
JAVA_RUNTIME_VERSION="25.0.3+9-LTS" 
JAVA_VERSION="25.0.3" 
JAVA_VERSION_DATE="2026-04-21" 
LIBC="default" 
MODULES="java.base java.compiler java.datatransfer java.xml java.prefs java.desktop java.instrument java.logging java.management java.security.sasl java.naming java.rmi java.management.rmi java.net.http java.scripting java.security.jgss java.transaction.xa java.sql java.sql.rowset java.xml.crypto java.se java.smartcardio jdk.accessibility jdk.internal.jvmstat jdk.attach jdk.charsets jdk.internal.opt jdk.zipfs jdk.compiler jdk.crypto.cryptoki jdk.crypto.ec jdk.crypto.mscapi jdk.dynalink jdk.internal.ed jdk.editpad jdk.internal.vm.ci jdk.graal.compiler jdk.graal.compiler.management jdk.hotspot.agent jdk.httpserver jdk.incubator.vector jdk.internal.le jdk.internal.md jdk.jartool jdk.javadoc jdk.jcmd jdk.management jdk.management.agent jdk.jconsole jdk.jdeps jdk.jdwp.agent jdk.jdi jdk.jfr jdk.jlink jdk.jpackage jdk.jshell jdk.jsobject jdk.jstatd jdk.localedata jdk.management.jfr jdk.naming.dns jdk.naming.rmi jdk.net jdk.nio.mapmode jdk.sctp jdk.security.auth jdk.security.jgss jdk.unsupported jdk.unsupported.desktop jdk.xml.dom" 
OS_ARCH="x86_64" 
OS_NAME="Windows" 
SOURCE=".:git:cda0a1776184" 
BUILD_SOURCE="git:a612825ee82a20ac872d60958c349854c1f29a8e"
BUILD_SOURCE_REPO="https://github.com/adoptium/temurin-build.git"
SOURCE_REPO="https://github.com/adoptium/jdk25u.git"
FULL_VERSION="25.0.3+9-LTS"
SEMANTIC_VERSION="25.0.3+9"
BUILD_INFO="OS: Windows Server 2022 Version: 10.0"
JVM_VARIANT="Hotspot"
JVM_VERSION="25.0.3+9-LTS"
IMAGE_TYPE="JDK"

Environment Variables:
JAVA_HOME=C:\Program Files\Microsoft\jdk-21.0.12.8-hotspot\
PATH=C:\Program Files\Microsoft\jdk-21.0.12.8-hotspot\bin;C:\WINDOWS\system32;C:\WINDOWS;C:\WINDOWS\System32\Wbem;C:\WINDOWS\System32\WindowsPowerShell\v1.0\;C:\WINDOWS\System32\OpenSSH\;C:\Program Files\Microsoft SQL Server\170\Tools\Binn\;C:\Program Files\Microsoft SQL Server\Client SDK\ODBC\170\Tools\Binn\;C:\Program Files\dotnet\;C:\Users\Abraham Sistemas\AppData\Local\Microsoft\WindowsApps;C:\Users\Abraham Sistemas\AppData\Local\Programs\Microsoft VS Code\bin;C:\ProgramData\Abraham Sistemas\GitHubDesktop\bin;C:\Users\Abraham Sistemas\.local\bin;C:\Users\Abraham Sistemas\.dotnet\tools;C:\Program Files\Docker\Docker\resources\bin;C:\Users\Abraham Sistemas\AppData\Local\Microsoft\WindowsApps;C:\Users\Abraham Sistemas\AppData\Local\Programs\Microsoft VS Code\bin;C:\ProgramData\Abraham Sistemas\GitHubDesktop\bin;C:\Users\Abraham Sistemas\.local\bin;C:\Users\Abraham Sistemas\.dotnet\tools;C:\Program Files\Docker\Docker\resources\bin;C:\ProgramData\DockerDesktop\version-bin;;C:\Users\Abraham Sistemas\AppData\Local\Programs\DockerDesktop\resources\bin;C:\Program Files\smartmontools\bin;C:\Kotlin\kotlinc\bin;C:\Gradle\gradle-8.11\bin
USERNAME=Abraham Sistemas
OS=Windows_NT
PROCESSOR_IDENTIFIER=Intel64 Family 6 Model 142 Stepping 10, GenuineIntel
TMP=C:\Users\ABRAHA~1\AppData\Local\Temp
TEMP=C:\Users\ABRAHA~1\AppData\Local\Temp




Compilation memory statistics disabled.

Periodic native trim disabled

---------------  S Y S T E M  ---------------

OS:
 Windows 11 , 64 bit Build 26100 (10.0.26100.9444)
OS uptime: 0 days 1:17 hours
Hyper-V role detected

CPU: total 8 (initial active 8) (4 cores per cpu, 2 threads per core) family 6 model 142 stepping 10 microcode 0xf0, cx8, cmov, fxsr, ht, mmx, 3dnowpref, sse, sse2, sse3, ssse3, sse4.1, sse4.2, popcnt, lzcnt, tsc, tscinvbit, avx, avx2, aes, erms, clmul, bmi1, bmi2, adx, fma, vzeroupper, clflush, clflushopt, hv, rdtscp, f16c
Processor Information for the first 8 processors :
  Max Mhz: 1992, Current Mhz: 1792, Mhz Limit: 1792

Memory: 4k page, system-wide physical 8089M (608M free)
TotalPageFile size 17213M (AvailPageFile size 0M)
current process WorkingSet (physical memory assigned to process): 556M, peak: 556M
current process commit charge ("private bytes"): 735M, peak: 738M

vm_info: OpenJDK 64-Bit Server VM (25.0.3+9-LTS) for windows-amd64 JRE (25.0.3+9-LTS), built on 2026-04-21T00:00:00Z with MS VC++ 17.12 (VS2022)

END.
